Product: MDK-ARM Lite 5.10
Component: ARM Compiler 5.04 update 1 (build 49)
Tool: armlink [5040049]

==============================================================================

Section Cross References

    startup_stm32f10x_hd.o(RESET) refers to startup_stm32f10x_hd.o(STACK) for __initial_sp
    startup_stm32f10x_hd.o(RESET) refers to startup_stm32f10x_hd.o(.text) for Reset_Handler
    startup_stm32f10x_hd.o(RESET) refers to stm32f10x_it.o(.text) for NMI_Handler
    startup_stm32f10x_hd.o(RESET) refers to os_cpu_a.o(.text) for OS_CPU_PendSVHandler
    startup_stm32f10x_hd.o(RESET) refers to delay v2.0.o(.text) for SysTick_Handler
    startup_stm32f10x_hd.o(RESET) refers to task_rtc.o(.text) for RTC_IRQHandler
    startup_stm32f10x_hd.o(RESET) refers to exti.o(.text) for EXTI0_IRQHandler
    startup_stm32f10x_hd.o(RESET) refers to adc.o(.text) for DMA1_Channel1_IRQHandler
    startup_stm32f10x_hd.o(RESET) refers to usart1.o(.text) for DMA1_Channel5_IRQHandler
    startup_stm32f10x_hd.o(RESET) refers to indkey.o(.text) for EXTI15_10_IRQHandler
    startup_stm32f10x_hd.o(RESET) refers to timer.o(.text) for TIM5_IRQHandler
    startup_stm32f10x_hd.o(.text) refers to system_stm32f10x.o(.text) for SystemInit
    startup_stm32f10x_hd.o(.text) refers to entry.o(.ARM.Collect$$$$00000000) for __main
    main.o(.text) refers to system_stm32f10x.o(.text) for SystemInit
    main.o(.text) refers to os_core.o(.text) for OSInit
    main.o(.text) refers to os_mutex.o(.text) for OSMutexCreate
    main.o(.text) refers to os_task.o(.text) for OSTaskCreate
    main.o(.text) refers to os_cpu_a.o(.text) for OS_CPU_SR_Save
    main.o(.text) refers to delay v2.0.o(.text) for DelayInit
    main.o(.text) refers to pincfg.o(.text) for PinCfg
    main.o(.text) refers to tft_drive.o(.text) for FSMC_LCD_Init
    main.o(.text) refers to guicore.o(.text) for GUI_Init
    main.o(.text) refers to tsc2046.o(.text) for TSC2046_Config
    main.o(.text) refers to usart1.o(.text) for USART1_Config
    main.o(.text) refers to dac v2.0.o(.text) for DAC_Config
    main.o(.text) refers to adc.o(.text) for ADC1_Init
    main.o(.text) refers to exti.o(.text) for EXTI_Config
    main.o(.text) refers to indkey.o(.text) for Key_EXTI_Config
    main.o(.text) refers to timer.o(.text) for TIM5_Config
    main.o(.text) refers to task_rtc.o(.text) for RTC_Init
    main.o(.text) refers to oscilloscope.o(.text) for ManualGainScan
    main.o(.text) refers to iwdg.o(.text) for IWDG_Init
    main.o(.text) refers to main.o(.data) for .data
    main.o(.text) refers to main.o(.bss) for .bss
    main.o(.text) refers to app.o(.text) for Task_Start
    usart1.o(.text) refers to stm32f10x_rcc.o(.text) for RCC_APB2PeriphClockCmd
    usart1.o(.text) refers to stm32f10x_gpio.o(.text) for GPIO_Init
    usart1.o(.text) refers to stm32f10x_usart.o(.text) for USART_Init
    usart1.o(.text) refers to stm32f10x_dma.o(.text) for DMA_DeInit
    usart1.o(.text) refers to misc.o(.text) for NVIC_PriorityGroupConfig
    usart1.o(.text) refers to task_main.o(.text) for ReceiveDataFromPC
    usart1.o(.text) refers to os_core.o(.text) for OSIntExit
    usart1.o(.text) refers to usart1.o(.bss) for .bss
    usart1.o(.text) refers to os_core.o(.data) for OSIntNesting
    delay v2.0.o(.text) refers to misc.o(.text) for SysTick_CLKSourceConfig
    delay v2.0.o(.text) refers to os_core.o(.text) for OSIntEnter
    delay v2.0.o(.text) refers to os_time.o(.text) for OSTimeDly
    delay v2.0.o(.text) refers to system_stm32f10x.o(.data) for SystemCoreClock
    delay v2.0.o(.text) refers to delay v2.0.o(.data) for .data
    delay v2.0.o(.text) refers to os_core.o(.data) for OSRunning
    pincfg.o(.text) refers to stm32f10x_rcc.o(.text) for RCC_APB2PeriphClockCmd
    pincfg.o(.text) refers to stm32f10x_gpio.o(.text) for GPIO_Init
    pincfg.o(.text) refers to os_time.o(.text) for OSTimeDlyHMSM
    adc.o(.text) refers to stm32f10x_rcc.o(.text) for RCC_AHBPeriphClockCmd
    adc.o(.text) refers to stm32f10x_gpio.o(.text) for GPIO_Init
    adc.o(.text) refers to stm32f10x_dma.o(.text) for DMA_DeInit
    adc.o(.text) refers to misc.o(.text) for NVIC_PriorityGroupConfig
    adc.o(.text) refers to stm32f10x_tim.o(.text) for TIM_TimeBaseStructInit
    adc.o(.text) refers to stm32f10x_adc.o(.text) for ADC_Init
    adc.o(.text) refers to os_core.o(.text) for OSIntExit
    adc.o(.text) refers to adc.o(.bss) for .bss
    adc.o(.text) refers to os_core.o(.data) for OSIntNesting
    adc.o(.text) refers to task_main.o(.bss) for WaveCtrl
    dac v2.0.o(.text) refers to stm32f10x_rcc.o(.text) for RCC_APB1PeriphClockCmd
    dac v2.0.o(.text) refers to stm32f10x_tim.o(.text) for TIM_TimeBaseInit
    dac v2.0.o(.text) refers to stm32f10x_gpio.o(.text) for GPIO_Init
    dac v2.0.o(.text) refers to stm32f10x_dac.o(.text) for DAC_Init
    dac v2.0.o(.text) refers to stm32f10x_dma.o(.text) for DMA_DeInit
[...]
    USART_SmartCardCmd                       0x08002be7   Thumb Code    24  stm32f10x_usart.o(.text)
    USART_SmartCardNACKCmd                   0x08002bff   Thumb Code    24  stm32f10x_usart.o(.text)
    USART_HalfDuplexCmd                      0x08002c17   Thumb Code    24  stm32f10x_usart.o(.text)
    USART_OverSampling8Cmd                   0x08002c2f   Thumb Code    24  stm32f10x_usart.o(.text)
    USART_OneBitMethodCmd                    0x08002c47   Thumb Code    24  stm32f10x_usart.o(.text)
    USART_IrDAConfig                         0x08002c5f   Thumb Code    16  stm32f10x_usart.o(.text)
    USART_IrDACmd                            0x08002c6f   Thumb Code    24  stm32f10x_usart.o(.text)
    USART_GetFlagStatus                      0x08002c87   Thumb Code    14  stm32f10x_usart.o(.text)
    USART_ClearFlag                          0x08002c95   Thumb Code    10  stm32f10x_usart.o(.text)
    USART_GetITStatus                        0x08002c9f   Thumb Code    72  stm32f10x_usart.o(.text)
    USART_ClearITPendingBit                  0x08002ce7   Thumb Code    18  stm32f10x_usart.o(.text)
    FSMC_NORSRAMDeInit                       0x08002cfd   Thumb Code    48  stm32f10x_fsmc.o(.text)
    FSMC_NANDDeInit                          0x08002d2d   Thumb Code    48  stm32f10x_fsmc.o(.text)
    FSMC_PCCARDDeInit                        0x08002d5d   Thumb Code    22  stm32f10x_fsmc.o(.text)
    FSMC_NORSRAMInit                         0x08002d73   Thumb Code   204  stm32f10x_fsmc.o(.text)
    FSMC_NANDInit                            0x08002e3f   Thumb Code   126  stm32f10x_fsmc.o(.text)
    FSMC_PCCARDInit                          0x08002ebd   Thumb Code   108  stm32f10x_fsmc.o(.text)
    FSMC_NORSRAMStructInit                   0x08002f29   Thumb Code   128  stm32f10x_fsmc.o(.text)
    FSMC_NANDStructInit                      0x08002fa9   Thumb Code    54  stm32f10x_fsmc.o(.text)
    FSMC_PCCARDStructInit                    0x08002fdf   Thumb Code    60  stm32f10x_fsmc.o(.text)
    FSMC_NORSRAMCmd                          0x0800301b   Thumb Code    30  stm32f10x_fsmc.o(.text)
    FSMC_NANDCmd                             0x08003039   Thumb Code    62  stm32f10x_fsmc.o(.text)
    FSMC_PCCARDCmd                           0x08003077   Thumb Code    36  stm32f10x_fsmc.o(.text)
    FSMC_NANDECCCmd                          0x0800309b   Thumb Code    62  stm32f10x_fsmc.o(.text)
    FSMC_GetECC                              0x080030d9   Thumb Code    18  stm32f10x_fsmc.o(.text)
    FSMC_ITConfig                            0x080030eb   Thumb Code   110  stm32f10x_fsmc.o(.text)
    FSMC_GetFlagStatus                       0x08003159   Thumb Code    40  stm32f10x_fsmc.o(.text)
    FSMC_ClearFlag                           0x08003181   Thumb Code    46  stm32f10x_fsmc.o(.text)
    FSMC_GetITStatus                         0x080031af   Thumb Code    48  stm32f10x_fsmc.o(.text)
    FSMC_ClearITPendingBit                   0x080031df   Thumb Code    52  stm32f10x_fsmc.o(.text)
    ADC_DeInit                               0x08003215   Thumb Code    92  stm32f10x_adc.o(.text)
    ADC_Init                                 0x08003271   Thumb Code    72  stm32f10x_adc.o(.text)
    ADC_StructInit                           0x080032b9   Thumb Code    18  stm32f10x_adc.o(.text)
    ADC_Cmd                                  0x080032cb   Thumb Code    24  stm32f10x_adc.o(.text)
    ADC_DMACmd                               0x080032e3   Thumb Code    24  stm32f10x_adc.o(.text)
    ADC_ITConfig                             0x080032fb   Thumb Code    24  stm32f10x_adc.o(.text)
    ADC_ResetCalibration                     0x08003313   Thumb Code    10  stm32f10x_adc.o(.text)
    ADC_GetResetCalibrationStatus            0x0800331d   Thumb Code    16  stm32f10x_adc.o(.text)
    ADC_StartCalibration                     0x0800332d   Thumb Code    10  stm32f10x_adc.o(.text)
    ADC_GetCalibrationStatus                 0x08003337   Thumb Code    16  stm32f10x_adc.o(.text)
    ADC_SoftwareStartConvCmd                 0x08003347   Thumb Code    24  stm32f10x_adc.o(.text)
    ADC_GetSoftwareStartConvStatus           0x0800335f   Thumb Code    16  stm32f10x_adc.o(.text)
    ADC_DiscModeChannelCountConfig           0x0800336f   Thumb Code    16  stm32f10x_adc.o(.text)
    ADC_DiscModeCmd                          0x0800337f   Thumb Code    24  stm32f10x_adc.o(.text)
    ADC_RegularChannelConfig                 0x08003397   Thumb Code   144  stm32f10x_adc.o(.text)
    ADC_ExternalTrigConvCmd                  0x08003427   Thumb Code    24  stm32f10x_adc.o(.text)
    ADC_GetConversionValue                   0x0800343f   Thumb Code     6  stm32f10x_adc.o(.text)
    ADC_GetDualModeConversionValue           0x08003445   Thumb Code     6  stm32f10x_adc.o(.text)
    ADC_AutoInjectedConvCmd                  0x0800344b   Thumb Code    24  stm32f10x_adc.o(.text)
    ADC_InjectedDiscModeCmd                  0x08003463   Thumb Code    24  stm32f10x_adc.o(.text)
    ADC_ExternalTrigInjectedConvConfig       0x0800347b   Thumb Code    12  stm32f10x_adc.o(.text)
    ADC_ExternalTrigInjectedConvCmd          0x08003487   Thumb Code    24  stm32f10x_adc.o(.text)
    ADC_SoftwareStartInjectedConvCmd         0x0800349f   Thumb Code    24  stm32f10x_adc.o(.text)
    ADC_GetSoftwareStartInjectedConvCmdStatus 0x080034b7   Thumb Code    16  stm32f10x_adc.o(.text)
    ADC_InjectedChannelConfig                0x080034c7   Thumb Code    92  stm32f10x_adc.o(.text)
    ADC_InjectedSequencerLengthConfig        0x08003523   Thumb Code    16  stm32f10x_adc.o(.text)
    ADC_SetInjectedOffset                    0x08003533   Thumb Code    18  stm32f10x_adc.o(.text)
    ADC_GetInjectedConversionValue           0x08003545   Thumb Code    22  stm32f10x_adc.o(.text)
    ADC_AnalogWatchdogCmd                    0x0800355b   Thumb Code    16  stm32f10x_adc.o(.text)
    ADC_AnalogWatchdogThresholdsConfig       0x0800356b   Thumb Code     6  stm32f10x_adc.o(.text)
    ADC_AnalogWatchdogSingleChannelConfig    0x08003571   Thumb Code    12  stm32f10x_adc.o(.text)
    ADC_TempSensorVrefintCmd                 0x0800357d   Thumb Code    26  stm32f10x_adc.o(.text)
    ADC_GetFlagStatus                        0x08003597   Thumb Code    14  stm32f10x_adc.o(.text)
    ADC_ClearFlag                            0x080035a5   Thumb Code     6  stm32f10x_adc.o(.text)
    ADC_GetITStatus                          0x080035ab   Thumb Code    28  stm32f10x_adc.o(.text)
    ADC_ClearITPendingBit                    0x080035c7   Thumb Code     8  stm32f10x_adc.o(.text)
    BKP_DeInit                               0x080035dd   Thumb Code    18  stm32f10x_bkp.o(.text)
    BKP_TamperPinLevelConfig                 0x080035ef   Thumb Code     6  stm32f10x_bkp.o(.text)
    BKP_TamperPinCmd                         0x080035f5   Thumb Code     6  stm32f10x_bkp.o(.text)
    BKP_ITConfig                             0x080035fb   Thumb Code     6  stm32f10x_bkp.o(.text)
    BKP_RTCOutputConfig                      0x08003601   Thumb Code    14  stm32f10x_bkp.o(.text)
    BKP_SetRTCCalibrationValue               0x0800360f   Thumb Code    14  stm32f10x_bkp.o(.text)
    BKP_WriteBackupRegister                  0x0800361d   Thumb Code    20  stm32f10x_bkp.o(.text)
    BKP_ReadBackupRegister                   0x08003631   Thumb Code    20  stm32f10x_bkp.o(.text)
    BKP_GetFlagStatus                        0x08003645   Thumb Code     8  stm32f10x_bkp.o(.text)
    BKP_ClearFlag                            0x0800364d   Thumb Code    12  stm32f10x_bkp.o(.text)
    BKP_GetITStatus                          0x08003659   Thumb Code     8  stm32f10x_bkp.o(.text)
    BKP_ClearITPendingBit                    0x08003661   Thumb Code    12  stm32f10x_bkp.o(.text)
    DAC_DeInit                               0x08003689   Thumb Code    24  stm32f10x_dac.o(.text)
    DAC_Init                                 0x080036a1   Thumb Code    50  stm32f10x_dac.o(.text)
    DAC_StructInit                           0x080036d3   Thumb Code    12  stm32f10x_dac.o(.text)
    DAC_Cmd                                  0x080036df   Thumb Code    30  stm32f10x_dac.o(.text)
    DAC_DMACmd                               0x080036fd   Thumb Code    30  stm32f10x_dac.o(.text)
    DAC_SoftwareTriggerCmd                   0x0800371b   Thumb Code    32  stm32f10x_dac.o(.text)
    DAC_DualSoftwareTriggerCmd               0x0800373b   Thumb Code    26  stm32f10x_dac.o(.text)
    DAC_WaveGenerationCmd                    0x08003755   Thumb Code    28  stm32f10x_dac.o(.text)
    DAC_SetChannel1Data                      0x08003771   Thumb Code    22  stm32f10x_dac.o(.text)
    DAC_SetChannel2Data                      0x08003787   Thumb Code    22  stm32f10x_dac.o(.text)
    DAC_SetDualChannelData                   0x0800379d   Thumb Code    26  stm32f10x_dac.o(.text)
    DAC_GetDataOutputValue                   0x080037b7   Thumb Code    22  stm32f10x_dac.o(.text)
    DMA_DeInit                               0x080037d5   Thumb Code   216  stm32f10x_dma.o(.text)
    DMA_Init                                 0x080038ad   Thumb Code    84  stm32f10x_dma.o(.text)
    DMA_StructInit                           0x08003901   Thumb Code    26  stm32f10x_dma.o(.text)
    DMA_Cmd                                  0x0800391b   Thumb Code    26  stm32f10x_dma.o(.text)
    DMA_ITConfig                             0x08003935   Thumb Code    22  stm32f10x_dma.o(.text)
    DMA_SetCurrDataCounter                   0x0800394b   Thumb Code     4  stm32f10x_dma.o(.text)
    DMA_GetCurrDataCounter                   0x0800394f   Thumb Code     6  stm32f10x_dma.o(.text)
    DMA_GetFlagStatus                        0x08003955   Thumb Code    28  stm32f10x_dma.o(.text)
    DMA_ClearFlag                            0x08003971   Thumb Code    18  stm32f10x_dma.o(.text)
    DMA_GetITStatus                          0x08003983   Thumb Code    28  stm32f10x_dma.o(.text)
    DMA_ClearITPendingBit                    0x0800399f   Thumb Code    18  stm32f10x_dma.o(.text)
    EXTI_DeInit                              0x080039ed   Thumb Code    26  stm32f10x_exti.o(.text)
    EXTI_Init                                0x08003a07   Thumb Code   136  stm32f10x_exti.o(.text)
    EXTI_StructInit                          0x08003a8f   Thumb Code    14  stm32f10x_exti.o(.text)
    EXTI_GenerateSWInterrupt                 0x08003a9d   Thumb Code    10  stm32f10x_exti.o(.text)
    EXTI_GetFlagStatus                       0x08003aa7   Thumb Code    16  stm32f10x_exti.o(.text)
    EXTI_ClearFlag                           0x08003ab7   Thumb Code     6  stm32f10x_exti.o(.text)
    EXTI_GetITStatus                         0x08003abd   Thumb Code    24  stm32f10x_exti.o(.text)
    EXTI_ClearITPendingBit                   0x08003ad5   Thumb Code     6  stm32f10x_exti.o(.text)
    IWDG_WriteAccessCmd                      0x08003af1   Thumb Code     6  stm32f10x_iwdg.o(.text)
    IWDG_SetPrescaler                        0x08003af7   Thumb Code     6  stm32f10x_iwdg.o(.text)
    IWDG_SetReload                           0x08003afd   Thumb Code     6  stm32f10x_iwdg.o(.text)
    IWDG_ReloadCounter                       0x08003b03   Thumb Code    10  stm32f10x_iwdg.o(.text)
    IWDG_Enable                              0x08003b0d   Thumb Code    10  stm32f10x_iwdg.o(.text)
    IWDG_GetFlagStatus                       0x08003b17   Thumb Code    16  stm32f10x_iwdg.o(.text)
    PWR_DeInit                               0x08003b2d   Thumb Code    24  stm32f10x_pwr.o(.text)
    PWR_BackupAccessCmd                      0x08003b45   Thumb Code     6  stm32f10x_pwr.o(.text)
    PWR_PVDCmd                               0x08003b4b   Thumb Code     6  stm32f10x_pwr.o(.text)
    PWR_PVDLevelConfig                       0x08003b51   Thumb Code    14  stm32f10x_pwr.o(.text)
    PWR_WakeUpPinCmd                         0x08003b5f   Thumb Code     6  stm32f10x_pwr.o(.text)
    PWR_EnterSTOPMode                        0x08003b65   Thumb Code    42  stm32f10x_pwr.o(.text)
    PWR_EnterSTANDBYMode                     0x08003b8f   Thumb Code    32  stm32f10x_pwr.o(.text)
    PWR_GetFlagStatus                        0x08003baf   Thumb Code    16  stm32f10x_pwr.o(.text)
    PWR_ClearFlag                            0x08003bbf   Thumb Code    12  stm32f10x_pwr.o(.text)
    RTC_ITConfig                             0x08003bdd   Thumb Code    24  stm32f10x_rtc.o(.text)
    RTC_EnterConfigMode                      0x08003bf5   Thumb Code    12  stm32f10x_rtc.o(.text)
    RTC_ExitConfigMode                       0x08003c01   Thumb Code    12  stm32f10x_rtc.o(.text)
    RTC_GetCounter                           0x08003c0d   Thumb Code    14  stm32f10x_rtc.o(.text)
    RTC_SetCounter                           0x08003c1b   Thumb Code    24  stm32f10x_rtc.o(.text)
    RTC_SetPrescaler                         0x08003c33   Thumb Code    26  stm32f10x_rtc.o(.text)
    RTC_SetAlarm                             0x08003c4d   Thumb Code    24  stm32f10x_rtc.o(.text)
    RTC_GetDivider                           0x08003c65   Thumb Code    16  stm32f10x_rtc.o(.text)
    RTC_WaitForLastTask                      0x08003c75   Thumb Code    12  stm32f10x_rtc.o(.text)
    RTC_WaitForSynchro                       0x08003c81   Thumb Code    20  stm32f10x_rtc.o(.text)
    RTC_GetFlagStatus                        0x08003c95   Thumb Code    16  stm32f10x_rtc.o(.text)
    RTC_ClearFlag                            0x08003ca5   Thumb Code    12  stm32f10x_rtc.o(.text)
    RTC_GetITStatus                          0x08003cb1   Thumb Code    26  stm32f10x_rtc.o(.text)
    RTC_ClearITPendingBit                    0x08003ccb   Thumb Code    12  stm32f10x_rtc.o(.text)
    TIM_DeInit                               0x08003cf9   Thumb Code   484  stm32f10x_tim.o(.text)
    TIM_TimeBaseInit                         0x08003edd   Thumb Code   130  stm32f10x_tim.o(.text)
    TIM_OC1Init                              0x08003f5f   Thumb Code   126  stm32f10x_tim.o(.text)
    TIM_OC2Init                              0x08003fdd   Thumb Code   138  stm32f10x_tim.o(.text)
    TIM_OC3Init                              0x08004067   Thumb Code   136  stm32f10x_tim.o(.text)
    TIM_OC4Init                              0x080040ef   Thumb Code   106  stm32f10x_tim.o(.text)
    TIM_SetIC4Prescaler                      0x08004159   Thumb Code    24  stm32f10x_tim.o(.text)
    TIM_SetIC3Prescaler                      0x080041e3   Thumb Code    16  stm32f10x_tim.o(.text)
    TIM_SetIC2Prescaler                      0x08004261   Thumb Code    24  stm32f10x_tim.o(.text)
    TIM_SetIC1Prescaler                      0x080042f5   Thumb Code    16  stm32f10x_tim.o(.text)
    TIM_ICInit                               0x0800436f   Thumb Code   114  stm32f10x_tim.o(.text)
    TIM_PWMIConfig                           0x080043e1   Thumb Code   106  stm32f10x_tim.o(.text)
    TIM_BDTRConfig                           0x0800444b   Thumb Code    36  stm32f10x_tim.o(.text)
    TIM_TimeBaseStructInit                   0x0800446f   Thumb Code    18  stm32f10x_tim.o(.text)
    TIM_OCStructInit                         0x08004481   Thumb Code    20  stm32f10x_tim.o(.text)
    TIM_ICStructInit                         0x08004495   Thumb Code    16  stm32f10x_tim.o(.text)
    TIM_BDTRStructInit                       0x080044a5   Thumb Code    18  stm32f10x_tim.o(.text)
    TIM_Cmd                                  0x080044b7   Thumb Code    24  stm32f10x_tim.o(.text)
    TIM_CtrlPWMOutputs                       0x080044cf   Thumb Code    32  stm32f10x_tim.o(.text)
    TIM_ITConfig                             0x080044ef   Thumb Code    22  stm32f10x_tim.o(.text)
    TIM_GenerateEvent                        0x08004505   Thumb Code     4  stm32f10x_tim.o(.text)
    TIM_DMAConfig                            0x08004509   Thumb Code     8  stm32f10x_tim.o(.text)
    TIM_DMACmd                               0x08004511   Thumb Code    22  stm32f10x_tim.o(.text)
    TIM_InternalClockConfig                  0x08004527   Thumb Code    10  stm32f10x_tim.o(.text)
    TIM_SelectInputTrigger                   0x08004531   Thumb Code    12  stm32f10x_tim.o(.text)
    TIM_ITRxExternalClockConfig              0x0800453d   Thumb Code    20  stm32f10x_tim.o(.text)
    TIM_TIxExternalClockConfig               0x08004551   Thumb Code    48  stm32f10x_tim.o(.text)
    TIM_ETRConfig                            0x08004581   Thumb Code    32  stm32f10x_tim.o(.text)
    TIM_ETRClockMode1Config                  0x080045a1   Thumb Code    32  stm32f10x_tim.o(.text)
    TIM_ETRClockMode2Config                  0x080045c1   Thumb Code    20  stm32f10x_tim.o(.text)
    TIM_PrescalerConfig                      0x080045d5   Thumb Code     6  stm32f10x_tim.o(.text)
    TIM_CounterModeConfig                    0x080045db   Thumb Code    12  stm32f10x_tim.o(.text)
    TIM_EncoderInterfaceConfig               0x080045e7   Thumb Code    60  stm32f10x_tim.o(.text)
    TIM_ForcedOC1Config                      0x08004623   Thumb Code    12  stm32f10x_tim.o(.text)
    TIM_ForcedOC2Config                      0x0800462f   Thumb Code    20  stm32f10x_tim.o(.text)
    TIM_ForcedOC3Config                      0x08004643   Thumb Code    12  stm32f10x_tim.o(.text)
    TIM_ForcedOC4Config                      0x0800464f   Thumb Code    20  stm32f10x_tim.o(.text)
    TIM_ARRPreloadConfig                     0x08004663   Thumb Code    24  stm32f10x_tim.o(.text)
    TIM_SelectCOM                            0x0800467b   Thumb Code    24  stm32f10x_tim.o(.text)
    TIM_SelectCCDMA                          0x08004693   Thumb Code    24  stm32f10x_tim.o(.text)
    TIM_CCPreloadControl                     0x080046ab   Thumb Code    24  stm32f10x_tim.o(.text)
    TIM_OC1PreloadConfig                     0x080046c3   Thumb Code    12  stm32f10x_tim.o(.text)
    TIM_OC2PreloadConfig                     0x080046cf   Thumb Code    20  stm32f10x_tim.o(.text)
    TIM_OC3PreloadConfig                     0x080046e3   Thumb Code    12  stm32f10x_tim.o(.text)
    TIM_OC4PreloadConfig                     0x080046ef   Thumb Code    20  stm32f10x_tim.o(.text)
    TIM_OC1FastConfig                        0x08004703   Thumb Code    12  stm32f10x_tim.o(.text)
    TIM_OC2FastConfig                        0x0800470f   Thumb Code    20  stm32f10x_tim.o(.text)
    TIM_OC3FastConfig                        0x08004723   Thumb Code    12  stm32f10x_tim.o(.text)
    TIM_OC4FastConfig                        0x0800472f   Thumb Code    20  stm32f10x_tim.o(.text)
    TIM_ClearOC1Ref                          0x08004743   Thumb Code    12  stm32f10x_tim.o(.text)
    TIM_ClearOC2Ref                          0x0800474f   Thumb Code    20  stm32f10x_tim.o(.text)
    TIM_ClearOC3Ref                          0x08004763   Thumb Code    12  stm32f10x_tim.o(.text)
    TIM_ClearOC4Ref                          0x0800476f   Thumb Code    20  stm32f10x_tim.o(.text)
    TIM_OC1PolarityConfig                    0x08004783   Thumb Code    12  stm32f10x_tim.o(.text)
    TIM_OC1NPolarityConfig                   0x0800478f   Thumb Code    12  stm32f10x_tim.o(.text)
    TIM_OC2PolarityConfig                    0x0800479b   Thumb Code    20  stm32f10x_tim.o(.text)
    TIM_OC2NPolarityConfig                   0x080047af   Thumb Code    20  stm32f10x_tim.o(.text)
    TIM_OC3PolarityConfig                    0x080047c3   Thumb Code    20  stm32f10x_tim.o(.text)
    TIM_OC3NPolarityConfig                   0x080047d7   Thumb Code    20  stm32f10x_tim.o(.text)
    TIM_OC4PolarityConfig                    0x080047eb   Thumb Code    20  stm32f10x_tim.o(.text)
    TIM_CCxCmd                               0x080047ff   Thumb Code    26  stm32f10x_tim.o(.text)
    TIM_CCxNCmd                              0x08004819   Thumb Code    26  stm32f10x_tim.o(.text)
    TIM_SelectOCxM                           0x08004833   Thumb Code    88  stm32f10x_tim.o(.text)
    TIM_UpdateDisableConfig                  0x0800488b   Thumb Code    24  stm32f10x_tim.o(.text)
    TIM_UpdateRequestConfig                  0x080048a3   Thumb Code    24  stm32f10x_tim.o(.text)
    TIM_SelectHallSensor                     0x080048bb   Thumb Code    24  stm32f10x_tim.o(.text)
    TIM_SelectOnePulseMode                   0x080048d3   Thumb Code    16  stm32f10x_tim.o(.text)
    TIM_SelectOutputTrigger                  0x080048e3   Thumb Code    16  stm32f10x_tim.o(.text)
    TIM_SelectSlaveMode                      0x080048f3   Thumb Code    16  stm32f10x_tim.o(.text)
    TIM_SelectMasterSlaveMode                0x08004903   Thumb Code    16  stm32f10x_tim.o(.text)
    TIM_SetCounter                           0x08004913   Thumb Code     4  stm32f10x_tim.o(.text)
    TIM_SetAutoreload                        0x08004917   Thumb Code     4  stm32f10x_tim.o(.text)
    TIM_SetCompare1                          0x0800491b   Thumb Code     4  stm32f10x_tim.o(.text)
    TIM_SetCompare2                          0x0800491f   Thumb Code     4  stm32f10x_tim.o(.text)
    TIM_SetCompare3                          0x08004923   Thumb Code     4  stm32f10x_tim.o(.text)
    TIM_SetCompare4                          0x08004927   Thumb Code     6  stm32f10x_tim.o(.text)
    TIM_SetClockDivision                     0x0800492d   Thumb Code    16  stm32f10x_tim.o(.text)
    TIM_GetCapture1                          0x0800493d   Thumb Code     4  stm32f10x_tim.o(.text)
    TIM_GetCapture2                          0x08004941   Thumb Code     4  stm32f10x_tim.o(.text)
    TIM_GetCapture3                          0x08004945   Thumb Code     4  stm32f10x_tim.o(.text)
    TIM_GetCapture4                          0x08004949   Thumb Code     6  stm32f10x_tim.o(.text)
    TIM_GetCounter                           0x0800494f   Thumb Code     4  stm32f10x_tim.o(.text)
    TIM_GetPrescaler                         0x08004953   Thumb Code     4  stm32f10x_tim.o(.text)
    TIM_GetFlagStatus                        0x08004957   Thumb Code    14  stm32f10x_tim.o(.text)
    TIM_ClearFlag                            0x08004965   Thumb Code     6  stm32f10x_tim.o(.text)
    TIM_GetITStatus                          0x0800496b   Thumb Code    22  stm32f10x_tim.o(.text)
    TIM_ClearITPendingBit                    0x08004981   Thumb Code     6  stm32f10x_tim.o(.text)
    SPI_I2S_DeInit                           0x08004989   Thumb Code    92  stm32f10x_spi.o(.text)
    SPI_Init                                 0x080049e5   Thumb Code    84  stm32f10x_spi.o(.text)
    I2S_Init                                 0x08004a39   Thumb Code   172  stm32f10x_spi.o(.text)
    SPI_StructInit                           0x08004ae5   Thumb Code    24  stm32f10x_spi.o(.text)
    I2S_StructInit                           0x08004afd   Thumb Code    18  stm32f10x_spi.o(.text)
    SPI_Cmd                                  0x08004b0f   Thumb Code    24  stm32f10x_spi.o(.text)
    I2S_Cmd                                  0x08004b27   Thumb Code    24  stm32f10x_spi.o(.text)
    SPI_I2S_ITConfig                         0x08004b3f   Thumb Code    32  stm32f10x_spi.o(.text)
    SPI_I2S_DMACmd                           0x08004b5f   Thumb Code    22  stm32f10x_spi.o(.text)
    SPI_I2S_SendData                         0x08004b75   Thumb Code     4  stm32f10x_spi.o(.text)
    SPI_I2S_ReceiveData                      0x08004b79   Thumb Code     4  stm32f10x_spi.o(.text)
    SPI_NSSInternalSoftwareConfig            0x08004b7d   Thumb Code    28  stm32f10x_spi.o(.text)
    SPI_SSOutputCmd                          0x08004b99   Thumb Code    24  stm32f10x_spi.o(.text)
    SPI_DataSizeConfig                       0x08004bb1   Thumb Code    16  stm32f10x_spi.o(.text)
    SPI_TransmitCRC                          0x08004bc1   Thumb Code    10  stm32f10x_spi.o(.text)
    SPI_CalculateCRC                         0x08004bcb   Thumb Code    24  stm32f10x_spi.o(.text)
    SPI_GetCRC                               0x08004be3   Thumb Code    12  stm32f10x_spi.o(.text)
    SPI_GetCRCPolynomial                     0x08004bef   Thumb Code     4  stm32f10x_spi.o(.text)
    SPI_BiDirectionalLineConfig              0x08004bf3   Thumb Code    26  stm32f10x_spi.o(.text)
    SPI_I2S_GetFlagStatus                    0x08004c0d   Thumb Code    14  stm32f10x_spi.o(.text)
    SPI_I2S_ClearFlag                        0x08004c1b   Thumb Code     6  stm32f10x_spi.o(.text)
    SPI_I2S_GetITStatus                      0x08004c21   Thumb Code    46  stm32f10x_spi.o(.text)
    SPI_I2S_ClearITPendingBit                0x08004c4f   Thumb Code    16  stm32f10x_spi.o(.text)
    SystemInit                               0x08004d11   Thumb Code    68  system_stm32f10x.o(.text)
    SystemCoreClockUpdate                    0x08004d55   Thumb Code   108  system_stm32f10x.o(.text)
    Task_Main                                0x08004de1   Thumb Code    50  app.o(.text)
    Task_GUI                                 0x08004e13   Thumb Code    24  app.o(.text)
    Task_SD                                  0x08004e2b   Thumb Code    20  app.o(.text)
    Task_RTC                                 0x08004e3f   Thumb Code    58  app.o(.text)
    Task_TouchScreen                         0x08004e79   Thumb Code    56  app.o(.text)
    Task_Start                               0x08004eb1   Thumb Code   212  app.o(.text)
    Draw                                     0x08004fa1   Thumb Code   866  task_gui.o(.text)
    DisplayWaveInfo                          0x08005303   Thumb Code   456  task_gui.o(.text)
    ShowRealTimeWave                         0x080054cb   Thumb Code   480  task_gui.o(.text)
    ShowSavedWave                            0x080056ab   Thumb Code   474  task_gui.o(.text)
    ShowWelcomeScreen                        0x08005885   Thumb Code   106  task_gui.o(.text)
    DrawControlPanel                         0x080058ef   Thumb Code   574  task_gui.o(.text)
    DrawPramPanel                            0x08005b2d   Thumb Code     2  task_gui.o(.text)
    TouchEventDetected                       0x08005b2f   Thumb Code  1756  task_gui.o(.text)
    WaveMode_Init                            0x08006211   Thumb Code    18  task_main.o(.text)
    TaskStackChack                           0x08006223   Thumb Code   112  task_main.o(.text)
    GetFrequence                             0x08006293   Thumb Code    44  task_main.o(.text)
    GetWaveADCValue                          0x080062bf   Thumb Code    34  task_main.o(.text)
    PCtoMCU_Decoding                         0x080062e1   Thumb Code   212  task_main.o(.text)
    ReceiveDataFromPC                        0x080063b5   Thumb Code   578  task_main.o(.text)
    MCUtoPC_Coding                           0x080065f7   Thumb Code     2  task_main.o(.text)
    SendDataToPC                             0x080065f9   Thumb Code   544  task_main.o(.text)
    RTC_Config                               0x08006851   Thumb Code    88  task_rtc.o(.text)
    RTC_NVIC_Config                          0x080068a9   Thumb Code    40  task_rtc.o(.text)
    RTC_Init                                 0x080068d1   Thumb Code    60  task_rtc.o(.text)
    Set_RTC_Time_Manual                      0x0800690d   Thumb Code    48  task_rtc.o(.text)
    Display_RTC_Time                         0x0800693d   Thumb Code   166  task_rtc.o(.text)
    Is_Leap_Year                             0x080069e3   Thumb Code    56  task_rtc.o(.text)
    RTC_Set_Time                             0x08006a1b   Thumb Code   200  task_rtc.o(.text)
    RTC_Get_Week                             0x08006ae3   Thumb Code   126  task_rtc.o(.text)
    RTC_Get_Time                             0x08006b61   Thumb Code   210  task_rtc.o(.text)
    RTC_IRQHandler                           0x08006c33   Thumb Code    70  task_rtc.o(.text)
    OS_TaskStatStkChk                        0x08006cd1   Thumb Code    54  os_core.o(.text)
    OS_TaskStat                              0x08006d07   Thumb Code    88  os_core.o(.text)
    OS_TaskIdle                              0x08006d97   Thumb Code    22  os_core.o(.text)
    OS_MemClr                                0x08006de5   Thumb Code    20  os_core.o(.text)
    OSInit                                   0x08006ed7   Thumb Code    38  os_core.o(.text)
    OSIntEnter                               0x08006efd   Thumb Code    20  os_core.o(.text)
    OSIntExit                                0x08006f29   Thumb Code    80  os_core.o(.text)
    OSSchedLock                              0x08006f79   Thumb Code    38  os_core.o(.text)
    OS_Sched                                 0x08006f9f   Thumb Code    64  os_core.o(.text)
    OSSchedUnlock                            0x08006fdf   Thumb Code    66  os_core.o(.text)
    OSStart                                  0x08007021   Thumb Code    38  os_core.o(.text)
    OSStatInit                               0x08007047   Thumb Code    48  os_core.o(.text)
    OSTimeTick                               0x08007077   Thumb Code   258  os_core.o(.text)
    OSVersion                                0x08007179   Thumb Code     6  os_core.o(.text)
    OS_Dummy                                 0x0800717f   Thumb Code     2  os_core.o(.text)
    OS_EventTaskRemove                       0x08007181   Thumb Code    36  os_core.o(.text)
    OS_EventTaskRdy                          0x080071a5   Thumb Code   100  os_core.o(.text)
    OS_EventTaskWait                         0x08007209   Thumb Code    86  os_core.o(.text)
    OS_EventWaitListInit                     0x0800725f   Thumb Code    20  os_core.o(.text)
    OS_MemCopy                               0x08007273   Thumb Code    22  os_core.o(.text)
    OS_StrLen                                0x08007289   Thumb Code    24  os_core.o(.text)
    OS_TCBInit                               0x080072a1   Thumb Code   284  os_core.o(.text)
    OSMboxAccept                             0x080073cd   Thumb Code    32  os_mbox.o(.text)
    OSMboxCreate                             0x080073ed   Thumb Code    60  os_mbox.o(.text)
    OSMboxDel                                0x08007429   Thumb Code   194  os_mbox.o(.text)
    OSMboxPend                               0x080074eb   Thumb Code   200  os_mbox.o(.text)
    OSMboxPendAbort                          0x080075b3   Thumb Code   116  os_mbox.o(.text)
    OSMboxPost                               0x08007627   Thumb Code    78  os_mbox.o(.text)
    OSMboxPostOpt                            0x08007675   Thumb Code   122  os_mbox.o(.text)
    OSMboxQuery                              0x080076ef   Thumb Code    62  os_mbox.o(.text)
    OSMutexAccept                            0x0800773d   Thumb Code   122  os_mutex.o(.text)
    OSMutexCreate                            0x080077b7   Thumb Code   132  os_mutex.o(.text)
    OSMutexDel                               0x080078a1   Thumb Code   238  os_mutex.o(.text)
    OSMutexPend                              0x0800798f   Thumb Code   486  os_mutex.o(.text)
    OSMutexPost                              0x08007b75   Thumb Code   178  os_mutex.o(.text)
    OSMutexQuery                             0x08007c27   Thumb Code    94  os_mutex.o(.text)
    OSSemAccept                              0x08007c91   Thumb Code    34  os_sem.o(.text)
    OSSemCreate                              0x08007cb3   Thumb Code    60  os_sem.o(.text)
    OSSemDel                                 0x08007cef   Thumb Code   194  os_sem.o(.text)
    OSSemPend                                0x08007db1   Thumb Code   180  os_sem.o(.text)
    OSSemPendAbort                           0x08007e65   Thumb Code   116  os_sem.o(.text)
    OSSemPost                                0x08007ed9   Thumb Code    84  os_sem.o(.text)
    OSSemQuery                               0x08007f2d   Thumb Code    62  os_sem.o(.text)
    OSSemSet                                 0x08007f6b   Thumb Code    56  os_sem.o(.text)
    OSTaskChangePrio                         0x08007fb5   Thumb Code   272  os_task.o(.text)
    OSTaskCreate                             0x080080c5   Thumb Code   136  os_task.o(.text)
    OS_TaskStkClr                            0x0800814d   Thumb Code    30  os_task.o(.text)
    OSTaskCreateExt                          0x0800816b   Thumb Code   158  os_task.o(.text)
    OSTaskDel                                0x08008209   Thumb Code   276  os_task.o(.text)
    OSTaskDelReq                             0x0800831d   Thumb Code    90  os_task.o(.text)
    OSTaskNameGet                            0x08008377   Thumb Code   160  os_task.o(.text)
    OSTaskNameSet                            0x08008417   Thumb Code    88  os_task.o(.text)
    OSTaskResume                             0x0800846f   Thumb Code   150  os_task.o(.text)
    OSTaskStkChk                             0x08008505   Thumb Code   134  os_task.o(.text)
    OSTaskSuspend                            0x0800858b   Thumb Code   138  os_task.o(.text)
    OSTaskQuery                              0x08008615   Thumb Code    74  os_task.o(.text)
    OSTaskRegGet                             0x0800865f   Thumb Code    50  os_task.o(.text)
    OSTaskRegSet                             0x08008691   Thumb Code    54  os_task.o(.text)
    OS_TaskReturn                            0x080086c7   Thumb Code    18  os_task.o(.text)
    OSTimeDly                                0x080086f1   Thumb Code    84  os_time.o(.text)
    OSTimeDlyHMSM                            0x08008745   Thumb Code    88  os_time.o(.text)
    OSTimeDlyResume                          0x0800879d   Thumb Code   166  os_time.o(.text)
    OSTimeGet                                0x08008843   Thumb Code    18  os_time.o(.text)
    OSTimeSet                                0x08008855   Thumb Code    20  os_time.o(.text)
    OSInitHookBegin                          0x08008885   Thumb Code     2  os_cpu_c.o(.text)
    OSInitHookEnd                            0x08008887   Thumb Code     2  os_cpu_c.o(.text)
    OSTaskCreateHook                         0x08008889   Thumb Code     2  os_cpu_c.o(.text)
    OSTaskDelHook                            0x0800888b   Thumb Code     2  os_cpu_c.o(.text)
    OSTaskIdleHook                           0x0800888d   Thumb Code     2  os_cpu_c.o(.text)
    OSTaskStatHook                           0x0800888f   Thumb Code     2  os_cpu_c.o(.text)
    OSTaskStkInit                            0x08008891   Thumb Code   114  os_cpu_c.o(.text)
    OSTaskSwHook                             0x08008903   Thumb Code     2  os_cpu_c.o(.text)
    OSTCBInitHook                            0x08008905   Thumb Code     2  os_cpu_c.o(.text)
    OSTimeTickHook                           0x08008907   Thumb Code     2  os_cpu_c.o(.text)
    OSTaskReturnHook                         0x08008909   Thumb Code     2  os_cpu_c.o(.text)
    OS_CPU_SR_Save                           0x0800890d   Thumb Code     0  os_cpu_a.o(.text)
    OS_CPU_SR_Restore                        0x08008915   Thumb Code     0  os_cpu_a.o(.text)
    OSStartHighRdy                           0x0800891b   Thumb Code     0  os_cpu_a.o(.text)
    OSCtxSw                                  0x0800893b   Thumb Code     0  os_cpu_a.o(.text)
    OSIntCtxSw                               0x08008945   Thumb Code     0  os_cpu_a.o(.text)
    OS_CPU_PendSVHandler                     0x0800894f   Thumb Code     0  os_cpu_a.o(.text)
    GUI_X_GetTime                            0x080089b1   Thumb Code     4  gui_x_ucos.o(.text)
    GUI_X_Delay                              0x080089b5   Thumb Code    16  gui_x_ucos.o(.text)
    GUI_X_ExecIdle                           0x080089c5   Thumb Code     6  gui_x_ucos.o(.text)
    GUI_X_InitOS                             0x080089cb   Thumb Code    22  gui_x_ucos.o(.text)
    GUI_X_Lock                               0x080089e1   Thumb Code    16  gui_x_ucos.o(.text)
    GUI_X_Unlock                             0x080089f1   Thumb Code     8  gui_x_ucos.o(.text)
    GUI_X_GetTaskId                          0x080089f9   Thumb Code    10  gui_x_ucos.o(.text)
    GUI_X_WaitEvent                          0x08008a03   Thumb Code    16  gui_x_ucos.o(.text)
    GUI_X_SignalEvent                        0x08008a13   Thumb Code    10  gui_x_ucos.o(.text)
    GUI_X_Init                               0x08008a1d   Thumb Code    14  gui_x_ucos.o(.text)
    GUI_X_GetKey                             0x08008a3b   Thumb Code    18  gui_x_ucos.o(.text)
    GUI_X_WaitKey                            0x08008a4d   Thumb Code    30  gui_x_ucos.o(.text)
    GUI_X_StoreKey                           0x08008a6b   Thumb Code    10  gui_x_ucos.o(.text)
    GUI_X_Log                                0x08008a75   Thumb Code     2  gui_x_ucos.o(.text)
    GUI_X_Warn                               0x08008a77   Thumb Code     2  gui_x_ucos.o(.text)
    GUI_X_ErrorOut                           0x08008a79   Thumb Code     2  gui_x_ucos.o(.text)
    LCD_L0_Init                              0x08008a85   Thumb Code    10  lcd_gui_interface.o(.text)
    LCD_L0_SetPixelIndex                     0x08008a8f   Thumb Code    10  lcd_gui_interface.o(.text)
    LCD_L0_GetPixelIndex                     0x08008a99   Thumb Code     8  lcd_gui_interface.o(.text)
    LCD_L0_XorPixel                          0x08008aa1   Thumb Code    32  lcd_gui_interface.o(.text)
    LCD_L0_DrawHLine                         0x08008ac1   Thumb Code    22  lcd_gui_interface.o(.text)
    LCD_L0_DrawVLine                         0x08008ad7   Thumb Code    22  lcd_gui_interface.o(.text)
    LCD_L0_FillRect                          0x08008aed   Thumb Code    36  lcd_gui_interface.o(.text)
    DrawBitLine1BPP                          0x08008b11   Thumb Code   660  lcd_gui_interface.o(.text)
    DrawBitLine8BPP                          0x080090b7   Thumb Code   162  lcd_gui_interface.o(.text)
    DrawBitLine16BPP                         0x08009159   Thumb Code   120  lcd_gui_interface.o(.text)
    LCD_L0_DrawBitmap                        0x080091d1   Thumb Code   266  lcd_gui_interface.o(.text)
    LCD_L0_SetLUTEntry                       0x080092db   Thumb Code     2  lcd_gui_interface.o(.text)
    LCD_L0_On                                0x080092dd   Thumb Code     2  lcd_gui_interface.o(.text)
    GUI_sin                                  0x080092e9   Thumb Code    80  gui2dlib.o(.text)
    GUI_cos                                  0x08009339   Thumb Code     6  gui2dlib.o(.text)
    GL_DrawPoint                             0x0800933f   Thumb Code    24  gui2dlib.o(.text)
    GL_DrawLine1                             0x08009357   Thumb Code   210  gui2dlib.o(.text)
    GL_DrawLine                              0x08009429   Thumb Code   258  gui2dlib.o(.text)
    GUI_DrawLine                             0x0800952b   Thumb Code    36  gui2dlib.o(.text)
    GL_DrawLineTo                            0x0800954f   Thumb Code    30  gui2dlib.o(.text)
    GL_MoveTo                                0x0800956d   Thumb Code     8  gui2dlib.o(.text)
    GL_DrawPolygon                           0x08009575   Thumb Code   100  gui2dlib.o(.text)
    GUI_DrawPolygon                          0x080095d9   Thumb Code    36  gui2dlib.o(.text)
    GUI_MoveRel                              0x080095fd   Thumb Code    32  gui2dlib.o(.text)
    GUI_DrawLineRel                          0x0800961d   Thumb Code    44  gui2dlib.o(.text)
    GUI_DrawLineTo                           0x08009649   Thumb Code    44  gui2dlib.o(.text)
    GUI_MoveTo                               0x08009675   Thumb Code    26  gui2dlib.o(.text)
    GUI_DrawRect                             0x0800968f   Thumb Code    64  gui2dlib.o(.text)
    GUI_DrawPoint                            0x080096cf   Thumb Code    26  gui2dlib.o(.text)
    GUI_DispString                           0x08009809   Thumb Code   244  gui_dispstring.o(.text)
    GUI_DispStringAt                         0x08009901   Thumb Code    32  gui_dispstringat.o(.text)
    GUI_DispStringHCenterAt                  0x08009925   Thumb Code    46  gui_dispstringhcenter.o(.text)
    GUI_DrawGraph                            0x08009959   Thumb Code    36  gui_drawgraph.o(.text)
    GUI_DrawHLine                            0x08009a1d   Thumb Code    30  gui_drawhline.o(.text)
    GUI_DrawVLine                            0x08009a3b   Thumb Code    30  gui_drawvline.o(.text)
    GUI_SetBkColor                           0x08009a59   Thumb Code    22  gui_setcolor.o(.text)
    GUI_SetColor                             0x08009a6f   Thumb Code    22  gui_setcolor.o(.text)
    GUI_SetFont                              0x08009a85   Thumb Code    24  gui_setfont.o(.text)
    GUI_SetTextMode                          0x08009aa1   Thumb Code    24  gui_settextmode.o(.text)
    GUI_ClearRect                            0x08009abd   Thumb Code    50  guicore.o(.text)
    GUI_Clear                                0x08009aef   Thumb Code    26  guicore.o(.text)
    GUI_Init                                 0x08009b09   Thumb Code    84  guicore.o(.text)
    GUI_DispDecShift                         0x08009b71   Thumb Code    20  guival.o(.text)
    GUI_DispSDecShift                        0x08009b85   Thumb Code    36  guival.o(.text)
    GUI_DispDecMin                           0x08009ba9   Thumb Code    20  guival.o(.text)
    GUI_DispDecSpace                         0x08009bbd   Thumb Code    72  guival.o(.text)
    GUI_DispSDec                             0x08009c05   Thumb Code     4  guival.o(.text)
    GUI_DispDec                              0x08009c09   Thumb Code     4  guival.o(.text)
    GUI_DispDecAt                            0x08009c0d   Thumb Code    32  guival.o(.text)
    GUI_DispFloatFix                         0x08009c7f   Thumb Code     4  guivalf.o(.text)
    GUI_DispFloatMin                         0x08009c83   Thumb Code    56  guivalf.o(.text)
    GUI_DispFloat                            0x08009cbb   Thumb Code    50  guivalf.o(.text)
    GUI_DispSFloatFix                        0x08009ced   Thumb Code     4  guivalf.o(.text)
    GUI_DispSFloatMin                        0x08009cf1   Thumb Code    66  guivalf.o(.text)
    GUI_MEMDEV_Draw                          0x08009d39   Thumb Code   232  guidev_banding.o(.text)
    GUI_AddDecMin                            0x08009e2d   Thumb Code    26  gui_adddecmin.o(.text)
    GUI_Long2Len                             0x08009e49   Thumb Code    40  gui_adddecshift.o(.text)
    GUI_AddSign                              0x08009e71   Thumb Code    30  gui_adddecshift.o(.text)
    GUI_AddDecShift                          0x08009e8f   Thumb Code   108  gui_adddecshift.o(.text)
    GL_FillPolygon                           0x08009f33   Thumb Code   416  gui_fillpolygon.o(.text)
    GUI_FillPolygon                          0x0800a0d3   Thumb Code    36  gui_fillpolygon.o(.text)
    GUI_GotoY                                0x0800a105   Thumb Code    22  gui_goto.o(.text)
    GUI_GotoX                                0x0800a11b   Thumb Code    22  gui_goto.o(.text)
    GUI_GotoXY                               0x0800a131   Thumb Code    26  gui_goto.o(.text)
    GUI_SetTextAlign                         0x0800a151   Thumb Code    24  gui_settextalign.o(.text)
    GUI_UC_GetCharSize                       0x0800a16d   Thumb Code    28  gui_uc.o(.text)
    GUI_UC_GetCharCode                       0x0800a189   Thumb Code    28  gui_uc.o(.text)
    GUI_UC_Encode                            0x0800a1a5   Thumb Code    32  gui_uc.o(.text)
    GUI_UC__CalcSizeOfChar                   0x0800a1c5   Thumb Code     8  gui_uc.o(.text)
    GUI_UC__GetCharCodeInc                   0x0800a1cd   Thumb Code    38  gui_uc.o(.text)
    GUI_UC__NumChars2NumBytes                0x0800a1f3   Thumb Code    34  gui_uc.o(.text)
    GUI_UC__NumBytes2NumChars                0x0800a215   Thumb Code    40  gui_uc.o(.text)
    GUI_UC_SetEncodeNone                     0x0800a253   Thumb Code    20  gui_uc_encodenone.o(.text)
    GUI_GetFontDistY                         0x0800a271   Thumb Code    20  guichar.o(.text)
    GUI_DispNextLine                         0x0800a285   Thumb Code    30  guichar.o(.text)
    GL_DispChar                              0x0800a2a3   Thumb Code    52  guichar.o(.text)
    GUI_GetYAdjust                           0x0800a2d7   Thumb Code    52  guichar.o(.text)
    GUI_GetCharDistX                         0x0800a30b   Thumb Code    28  guichar.o(.text)
    GUI__GetLineNumChars                     0x0800a377   Thumb Code    48  guicharline.o(.text)
    GUI__GetLineDistX                        0x0800a3a7   Thumb Code    46  guicharline.o(.text)
    GUI__DispLine                            0x0800a3d5   Thumb Code    40  guicharline.o(.text)
    GUIMONO_DispChar                         0x0800a409   Thumb Code   284  guicharm.o(.text)
    GUIMONO_GetCharDistX                     0x0800a525   Thumb Code    10  guicharm.o(.text)
    GUIMONO_GetFontInfo                      0x0800a52f   Thumb Code     6  guicharm.o(.text)
    GUIMONO_IsInFont                         0x0800a535   Thumb Code    38  guicharm.o(.text)
    GL_DrawCircle                            0x0800a5cd   Thumb Code   100  guicirc.o(.text)
    GUI_DrawCircle                           0x0800a631   Thumb Code    30  guicirc.o(.text)
    GL_FillCircle                            0x0800a64f   Thumb Code   144  guicirc.o(.text)
    GUI_FillCircle                           0x0800a6df   Thumb Code    30  guicirc.o(.text)
    GL_FillEllipse                           0x0800a6fd   Thumb Code   104  guicirc.o(.text)
    GUI_FillEllipse                          0x0800a765   Thumb Code    36  guicirc.o(.text)
    GL_DrawEllipse                           0x0800a789   Thumb Code   166  guicirc.o(.text)
    GUI_DrawEllipse                          0x0800a82f   Thumb Code    36  guicirc.o(.text)
    GUI_Unlock                               0x0800a855   Thumb Code    16  guitask.o(.text)
    GUI_Lock                                 0x0800a865   Thumb Code   144  guitask.o(.text)
    GUITASK_Init                             0x0800a8f5   Thumb Code    12  guitask.o(.text)
    GUITASK_CopyContext                      0x0800a901   Thumb Code    46  guitask.o(.text)
    LCD_SetColorIndex                        0x0800a93d   Thumb Code    18  lcd.o(.text)
    LCD_SetBkColorIndex                      0x0800a94f   Thumb Code    18  lcd.o(.text)
    LCD_SetDrawMode                          0x0800a961   Thumb Code    28  lcd.o(.text)
    LCD_DrawPixel                            0x0800a97d   Thumb Code    64  lcd.o(.text)
    LCD_DrawHLine                            0x0800a9bd   Thumb Code    54  lcd.o(.text)
    LCD_FillRect                             0x0800a9f3   Thumb Code    64  lcd.o(.text)
    LCD_DrawBitmap                           0x0800aa33   Thumb Code   478  lcd.o(.text)
    LCD_SetClipRectMax                       0x0800ac11   Thumb Code    10  lcd.o(.text)
    LCD_Init                                 0x0800ac1b   Thumb Code    50  lcd.o(.text)
    LCD_Color2Index                          0x0800ac4d   Thumb Code     8  lcd.o(.text)
    LCD_Index2Color                          0x0800ac55   Thumb Code     8  lcd.o(.text)
    LCD_SetBkColor                           0x0800ac5d   Thumb Code    24  lcd.o(.text)
    LCD_SetColor                             0x0800ac75   Thumb Code    24  lcd.o(.text)
    LCD_DrawVLine                            0x0800aca9   Thumb Code    56  lcd_drawvline.o(.text)
    LCD_L0_Color2Index                       0x0800ace5   Thumb Code     4  lcd_l0_generic.o(.text)
    LCD_L0_Index2Color                       0x0800ace9   Thumb Code     4  lcd_l0_generic.o(.text)
    LCD_L0_GetIndexMask                      0x0800aced   Thumb Code     4  lcd_l0_generic.o(.text)
    LCD_L0_GetRect                           0x0800acf1   Thumb Code    20  lcd_l0_generic.o(.text)
    LCD_GetXSize                             0x0800ad05   Thumb Code     6  lcdinfo0.o(.text)
    LCD_GetYSize                             0x0800ad0b   Thumb Code     6  lcdinfo0.o(.text)
    LCD_GetVXSize                            0x0800ad11   Thumb Code     6  lcdinfo0.o(.text)
    LCD_GetVYSize                            0x0800ad17   Thumb Code     6  lcdinfo0.o(.text)
    LCD_GetBitsPerPixel                      0x0800ad1d   Thumb Code     4  lcdinfo0.o(.text)
    LCD_GetNumColors                         0x0800ad21   Thumb Code     6  lcdinfo0.o(.text)
    LCD_GetYMag                              0x0800ad27   Thumb Code     4  lcdinfo0.o(.text)
    LCD_GetXMag                              0x0800ad2b   Thumb Code     4  lcdinfo0.o(.text)
    LCD_GetFixedPalette                      0x0800ad2f   Thumb Code     6  lcdinfo0.o(.text)
    GUI_MEMDEV__GetRect                      0x0800ad35   Thumb Code    44  guidev.o(.text)
    GUI_MEMDEV__Color2Index                  0x0800ad61   Thumb Code    24  guidev.o(.text)
    GUI_MEMDEV__Index2Color                  0x0800ad79   Thumb Code    24  guidev.o(.text)
    GUI_MEMDEV__GetIndexMask                 0x0800ad91   Thumb Code    20  guidev.o(.text)
    GUI_MEMDEV_Delete                        0x0800ada5   Thumb Code    54  guidev.o(.text)
    GUI_MEMDEV__CreateFixed                  0x0800addb   Thumb Code   196  guidev.o(.text)
    GUI_MEMDEV_CreateEx                      0x0800ae9f   Thumb Code    82  guidev.o(.text)
    GUI_MEMDEV_Create                        0x0800aef1   Thumb Code    16  guidev.o(.text)
    GUI_MEMDEV_Select                        0x0800af01   Thumb Code    64  guidev.o(.text)
    GUI_MEMDEV__WriteToActiveAt              0x0800af41   Thumb Code   270  guidev.o(.text)
    GUI_MEMDEV_CopyToLCDAt                   0x0800b04f   Thumb Code    80  guidev.o(.text)
    GUI_MEMDEV_CopyToLCD                     0x0800b09f   Thumb Code     6  guidev.o(.text)
    GUI_MEMDEV_Clear                         0x0800b0b1   Thumb Code    52  guidev_clear.o(.text)
    GUI_MEMDEV_GetYSize                      0x0800b0e9   Thumb Code    38  guidev_getysize.o(.text)
    GUI_MEMDEV_ReduceYSize                   0x0800b115   Thumb Code    48  guidev_reduceysize.o(.text)
    GUI_MEMDEV_SetOrg                        0x0800b149   Thumb Code    84  guidev_setorg.o(.text)
    LCD_Color2Index_M565                     0x0800b1a1   Thumb Code    22  lcdpm565.o(.text)
    LCD_GetIndexMask_M565                    0x0800b1b7   Thumb Code     6  lcdpm565.o(.text)
    GUI_ALLOC_AllocZero                      0x0800b1bd   Thumb Code    38  gui_alloc_alloczero.o(.text)
    GUI_RectsIntersect                       0x0800b1e3   Thumb Code    56  gui_rectsintersect.o(.text)
    GUI_SelectLCD                            0x0800b21b   Thumb Code    22  gui_selectlcd.o(.text)
    GUI_ALLOC_Init                           0x0800b2ad   Thumb Code    40  guialloc.o(.text)
    GUI_ALLOC_AllocNoInit                    0x0800b3a7   Thumb Code    30  guialloc.o(.text)
    GUI_ALLOC_h2p                            0x0800b3c5   Thumb Code    20  guialloc.o(.text)
    GUI_ALLOC_GetNumFreeBytes                0x0800b3d9   Thumb Code    14  guialloc.o(.text)
    GUI_ALLOC_GetMaxSize                     0x0800b3e7   Thumb Code    98  guialloc.o(.text)
    GUI_ALLOC_GetSize                        0x0800b449   Thumb Code    20  guialloc.o(.text)
    GUI_ALLOC_Free                           0x0800b45d   Thumb Code    26  guialloc.o(.text)
    GUI_ALLOC_FreePtr                        0x0800b477   Thumb Code    28  guialloc.o(.text)
    LCD_GetpPalConvTableUncached             0x0800b555   Thumb Code    54  lcdcolor.o(.text)
    LCD_GetpPalConvTable                     0x0800b58b   Thumb Code     2  lcdcolor.o(.text)
    LCD_InitLUT                              0x0800b58d   Thumb Code     2  lcdcolor.o(.text)
    LCD_Index2Color_M565                     0x0800b595   Thumb Code    52  lcdpm565_index2color.o(.text)
    GUI_USAGE_Select                         0x0800bd0d   Thumb Code    28  guidev_usage.o(.text)
    GUI_USAGE_DecUseCnt                      0x0800bd29   Thumb Code    38  guidev_usage.o(.text)
    GUI_USAGE_AddRect                        0x0800bd4f   Thumb Code    38  guidev_usage.o(.text)
    GUI_USAGE_BM_Create                      0x0800bedf   Thumb Code    78  guidev_usagebm.o(.text)
    GUI__memset                              0x0800bf31   Thumb Code    74  gui__memset.o(.text)
    GUI__memset16                            0x0800bf7b   Thumb Code    58  gui__memset16.o(.text)
    LCD_SelectLCD                            0x0800bfb5   Thumb Code    20  lcd_selectlcd.o(.text)
    LCD_UpdateColorIndices                   0x0800bfd1   Thumb Code    28  lcd_updatecolorindices.o(.text)
    ___aeabi_memcpy8$move                    0x0800bff1   Thumb Code     0  memmovea.o(.text)
    __aeabi_memcpy                           0x0800bff1   Thumb Code    64  memmovea.o(.text)
    __aeabi_memcpy4                          0x0800bff1   Thumb Code     0  memmovea.o(.text)
    __aeabi_memmove                          0x0800bff1   Thumb Code     0  memmovea.o(.text)
    __aeabi_memmove4                         0x0800bff1   Thumb Code     0  memmovea.o(.text)
    __aeabi_memmove8                         0x0800bff1   Thumb Code     0  memmovea.o(.text)
    __aeabi_memset                           0x0800c031   Thumb Code    14  memseta.o(.text)
    __aeabi_memset4                          0x0800c031   Thumb Code     0  memseta.o(.text)
    __aeabi_memset8                          0x0800c031   Thumb Code     0  memseta.o(.text)
    __aeabi_memclr                           0x0800c03f   Thumb Code     4  memseta.o(.text)
    __aeabi_memclr4                          0x0800c03f   Thumb Code     0  memseta.o(.text)
    __aeabi_memclr8                          0x0800c03f   Thumb Code     0  memseta.o(.text)
    _memset$wrapper                          0x0800c043   Thumb Code    18  memseta.o(.text)
    atoi                                     0x0800c055   Thumb Code    26  atoi.o(.text)
    __aeabi_fadd                             0x0800c06f   Thumb Code   164  fadd.o(.text)
    __aeabi_fsub                             0x0800c113   Thumb Code     6  fadd.o(.text)
    __aeabi_frsub                            0x0800c119   Thumb Code     6  fadd.o(.text)
    __aeabi_fmul                             0x0800c11f   Thumb Code   100  fmul.o(.text)
    __aeabi_fdiv                             0x0800c183   Thumb Code   124  fdiv.o(.text)
    __ARM_scalbnf                            0x0800c1ff   Thumb Code    24  fscalb.o(.text)
    scalbnf                                  0x0800c1ff   Thumb Code     0  fscalb.o(.text)
    __aeabi_dadd                             0x0800c217   Thumb Code   322  dadd.o(.text)
    __aeabi_dsub                             0x0800c359   Thumb Code     6  dadd.o(.text)
    __aeabi_drsub                            0x0800c35f   Thumb Code     6  dadd.o(.text)
    __aeabi_dmul                             0x0800c365   Thumb Code   228  dmul.o(.text)
    __aeabi_ddiv                             0x0800c449   Thumb Code   222  ddiv.o(.text)
    __ARM_scalbn                             0x0800c527   Thumb Code    46  dscalb.o(.text)
    scalbn                                   0x0800c527   Thumb Code     0  dscalb.o(.text)
    __aeabi_ui2f                             0x0800c555   Thumb Code    10  ffltui.o(.text)
    __aeabi_i2d                              0x0800c55f   Thumb Code    34  dflti.o(.text)
    __aeabi_ui2d                             0x0800c581   Thumb Code    26  dfltui.o(.text)
    __aeabi_f2iz                             0x0800c59b   Thumb Code    50  ffixi.o(.text)
    __aeabi_f2uiz                            0x0800c5cd   Thumb Code    40  ffixui.o(.text)
    __aeabi_d2uiz                            0x0800c5f5   Thumb Code    50  dfixui.o(.text)
    __aeabi_f2d                              0x0800c627   Thumb Code    38  f2d.o(.text)
    __aeabi_d2f                              0x0800c64d   Thumb Code    56  d2f.o(.text)
    __aeabi_cfcmpeq                          0x0800c685   Thumb Code     0  cfcmple.o(.text)
    __aeabi_cfcmple                          0x0800c685   Thumb Code    20  cfcmple.o(.text)
    __aeabi_cfrcmple                         0x0800c699   Thumb Code    20  cfrcmple.o(.text)
    __aeabi_uidiv                            0x0800c6ad   Thumb Code     0  uidiv.o(.text)
    __aeabi_uidivmod                         0x0800c6ad   Thumb Code    44  uidiv.o(.text)
    __aeabi_uldivmod                         0x0800c6d9   Thumb Code    98  uldiv.o(.text)
    __aeabi_llsl                             0x0800c73b   Thumb Code    30  llshl.o(.text)
    _ll_shift_l                              0x0800c73b   Thumb Code     0  llshl.o(.text)
    __aeabi_llsr                             0x0800c759   Thumb Code    32  llushr.o(.text)
    _ll_ushift_r                             0x0800c759   Thumb Code     0  llushr.o(.text)
    __aeabi_lasr                             0x0800c779   Thumb Code    36  llsshr.o(.text)
    _ll_sshift_r                             0x0800c779   Thumb Code     0  llsshr.o(.text)
    strtol                                   0x0800c79d   Thumb Code   112  strtol.o(.text)
    __I$use$fp                               0x0800c80d   Thumb Code     0  iusefp.o(.text)
    _float_round                             0x0800c80d   Thumb Code    18  fepilogue.o(.text)
    _float_epilogue                          0x0800c81f   Thumb Code    92  fepilogue.o(.text)
    _double_round                            0x0800c87b   Thumb Code    26  depilogue.o(.text)
    _double_epilogue                         0x0800c895   Thumb Code   156  depilogue.o(.text)
    __aeabi_d2ulz                            0x0800c931   Thumb Code    48  dfixul.o(.text)
    __aeabi_cdrcmple                         0x0800c961   Thumb Code    38  cdrcmple.o(.text)
    __scatterload                            0x0800c989   Thumb Code    28  init.o(.text)
    __scatterload_rt2                        0x0800c989   Thumb Code     0  init.o(.text)
    __rt_ctype_table                         0x0800c9ad   Thumb Code     4  ctype_o.o(.text)
    _strtoul                                 0x0800c9b5   Thumb Code   158  _strtoul.o(.text)
    __aeabi_d2iz                             0x0800ca53   Thumb Code    62  dfixi.o(.text)
    _chval                                   0x0800ca91   Thumb Code    28  _chval.o(.text)
    __0printf                                0x0800caad   Thumb Code    22  printfa.o(i.__0printf)
    __1printf                                0x0800caad   Thumb Code     0  printfa.o(i.__0printf)
    __2printf                                0x0800caad   Thumb Code     0  printfa.o(i.__0printf)
    __c89printf                              0x0800caad   Thumb Code     0  printfa.o(i.__0printf)
    printf                                   0x0800caad   Thumb Code     0  printfa.o(i.__0printf)
    __0sprintf                               0x0800cacd   Thumb Code    34  printfa.o(i.__0sprintf)
    __1sprintf                               0x0800cacd   Thumb Code     0  printfa.o(i.__0sprintf)
    __2sprintf                               0x0800cacd   Thumb Code     0  printfa.o(i.__0sprintf)
    __c89sprintf                             0x0800cacd   Thumb Code     0  printfa.o(i.__0sprintf)
    sprintf                                  0x0800cacd   Thumb Code     0  printfa.o(i.__0sprintf)
    __ARM_fpclassify                         0x0800caf5   Thumb Code    40  fpclassify.o(i.__ARM_fpclassify)
    __aeabi_errno_addr                       0x0800cb1d   Thumb Code     4  errno.o(i.__aeabi_errno_addr)
    __rt_errno_addr                          0x0800cb1d   Thumb Code     0  errno.o(i.__aeabi_errno_addr)
    __ieee754_rem_pio2                       0x0800cb25   Thumb Code   830  rred.o(i.__ieee754_rem_pio2)
    __kernel_cos                             0x0800cead   Thumb Code   230  cos_i.o(i.__kernel_cos)
    __kernel_poly                            0x0800cfa9   Thumb Code   170  poly.o(i.__kernel_poly)
    __kernel_sin                             0x0800d055   Thumb Code   224  sin_i.o(i.__kernel_sin)
    __mathlib_dbl_underflow                  0x0800d141   Thumb Code    10  dunder.o(i.__mathlib_dbl_underflow)
    __scatterload_copy                       0x0800d151   Thumb Code    14  handlers.o(i.__scatterload_copy)
    __scatterload_null                       0x0800d15f   Thumb Code     2  handlers.o(i.__scatterload_null)
    __scatterload_zeroinit                   0x0800d161   Thumb Code    14  handlers.o(i.__scatterload_zeroinit)
    __set_errno                              0x0800d171   Thumb Code     6  errno.o(i.__set_errno)
    floor                                    0x0800da19   Thumb Code   204  floor.o(i.floor)
    sin                                      0x0800daf5   Thumb Code   166  sin.o(i.sin)
    SineWaveTab                              0x0800dba4   Data          64  dac v2.0.o(.constdata)
    TriangleWaveTab                          0x0800dbe4   Data          64  dac v2.0.o(.constdata)
    SawtoothWaveTab                          0x0800dc24   Data          64  dac v2.0.o(.constdata)
    ASCII_8x16                               0x0800dc64   Data        1536  tft_api.o(.constdata)
    table_week                               0x0800e26c   Data          12  task_rtc.o(.constdata)
    mon_table                                0x0800e278   Data          12  task_rtc.o(.constdata)
    OSUnMapTbl                               0x0800e284   Data         256  os_core.o(.constdata)
    aTan                                     0x0800e3a6   Data          34  gui2dlib.o(.constdata)
    GUI_acFont6x8                            0x0800e3c8   Data        1304  f6x8.o(.constdata)
    GUI_F6x8_TL8859_1                        0x0800e8e0   Data         448  f6x8.o(.constdata)
    GUI_F6x8_TI8859_1                        0x0800eaa0   Data           8  f6x8.o(.constdata)
    GUI_F6x8_Mono                            0x0800eaa8   Data          20  f6x8.o(.constdata)
    GUI_Font6x8                              0x0800eabc   Data          32  f6x8.o(.constdata)
    acFont8x16                               0x0800eadc   Data        2608  f8x16.o(.constdata)
    TransList8x16                            0x0800f50c   Data         448  f8x16.o(.constdata)
    TransInfo8x16                            0x0800f6cc   Data           8  f8x16.o(.constdata)
    FontMono8x16                             0x0800f6d4   Data          20  f8x16.o(.constdata)
    GUI_Font8x16                             0x0800f6e8   Data          32  f8x16.o(.constdata)
    GUI_Pow10                                0x0800f708   Data          40  gui_adddecshift.o(.constdata)
    GUI__API_TableNone                       0x0800f730   Data          16  gui_uc_encodenone.o(.constdata)
    LCD_L0_APIList                           0x0800f740   Data          64  lcd_api.o(.constdata)
    GUI_MEMDEV__APIList16                    0x0800f7a0   Data          64  guidev_16.o(.constdata)
    LCD_aMirror                              0x0800f7f8   Data         256  lcd_mirror.o(.constdata)
    __ctype_table                            0x0800fa18   Data         129  ctype_o.o(.constdata)
    Region$$Table$$Base                      0x0800faa0   Number         0  anon$$obj.o(Region$$Table)
    Region$$Table$$Limit                     0x0800fac0   Number         0  anon$$obj.o(Region$$Table)
    LCD_Buffer_MUTEX                         0x20000000   Data           4  main.o(.data)
    USART_Buffer_MUTEX                       0x20000004   Data           4  main.o(.data)
    SDtoRAM_Buffer_MUTEX                     0x20000008   Data           4  main.o(.data)
    reload                                   0x20000010   Data           4  delay v2.0.o(.data)
    InterruptTimes                           0x20000014   Data           1  exti.o(.data)
    EXTI_IO_Init                             0x20000018   Data           8  exti.o(.data)
    IntFullTime                              0x20000020   Data           4  oscilloscope.o(.data)
    HPW                                      0x20000024   Data           1  tft_drive.o(.data)
    VPW                                      0x20000025   Data           1  tft_drive.o(.data)
    HDP                                      0x20000028   Data           4  tft_drive.o(.data)
    VDP                                      0x2000002c   Data           4  tft_drive.o(.data)
    HT                                       0x20000030   Data           4  tft_drive.o(.data)
    HPS                                      0x20000034   Data           4  tft_drive.o(.data)
    LPS                                      0x20000038   Data           4  tft_drive.o(.data)
    VT                                       0x2000003c   Data           4  tft_drive.o(.data)
    VPS                                      0x20000040   Data           4  tft_drive.o(.data)
    FPS                                      0x20000044   Data           4  tft_drive.o(.data)
    SystemCoreClock                          0x2000005c   Data           4  system_stm32f10x.o(.data)
    AHBPrescTable                            0x20000060   Data          16  system_stm32f10x.o(.data)
    TrackLine_Switch                         0x20000070   Data           1  task_gui.o(.data)
    PramPanel_Switch                         0x20000071   Data           1  task_gui.o(.data)
    TrackLine_VppMax                         0x20000072   Data           1  task_gui.o(.data)
    TrackLine_VppMin                         0x20000073   Data           1  task_gui.o(.data)
    ZBX                                      0x20000074   Data           2  task_gui.o(.data)
    ZBY                                      0x20000076   Data           2  task_gui.o(.data)
    TrackLine_PriodStart                     0x20000078   Data           2  task_gui.o(.data)
    TrackLine_PriodEnd                       0x2000007a   Data           2  task_gui.o(.data)
    Tpx                                      0x2000007c   Data           2  task_gui.o(.data)
    Tpy                                      0x2000007e   Data           2  task_gui.o(.data)
    OSCPUUsage                               0x20000084   Data           1  os_core.o(.data)
    OSStatRdy                                0x20000085   Data           1  os_core.o(.data)
    OSIntNesting                             0x20000086   Data           1  os_core.o(.data)
    OSLockNesting                            0x20000087   Data           1  os_core.o(.data)
    OSPrioCur                                0x20000088   Data           1  os_core.o(.data)
    OSPrioHighRdy                            0x20000089   Data           1  os_core.o(.data)
    OSRdyGrp                                 0x2000008a   Data           1  os_core.o(.data)
    OSRunning                                0x2000008b   Data           1  os_core.o(.data)
    OSTaskCtr                                0x2000008c   Data           1  os_core.o(.data)
    OSTickStepState                          0x2000008d   Data           1  os_core.o(.data)
    OSCtxSwCtr                               0x20000090   Data           4  os_core.o(.data)
    OSEventFreeList                          0x20000094   Data           4  os_core.o(.data)
    OSIdleCtrMax                             0x20000098   Data           4  os_core.o(.data)
    OSIdleCtrRun                             0x2000009c   Data           4  os_core.o(.data)
    OSIdleCtr                                0x200000a0   Data           4  os_core.o(.data)
    OSTCBCur                                 0x200000a4   Data           4  os_core.o(.data)
    OSTCBFreeList                            0x200000a8   Data           4  os_core.o(.data)
    OSTCBHighRdy                             0x200000ac   Data           4  os_core.o(.data)
    OSTCBList                                0x200000b0   Data           4  os_core.o(.data)
    OSTime                                   0x200000b4   Data           4  os_core.o(.data)
    OSRdyTbl                                 0x200000b8   Data           8  os_core.o(.data)
    GUI_DecChar                              0x200000d4   Data           1  guicore.o(.data)
    GUI_pfDispCharStyle                      0x200000d8   Data           4  guicore.o(.data)
    GUI_pLCD_APIList                         0x200000dc   Data           4  guicore.o(.data)
    LCD_aAPI                                 0x200000f0   Data           4  lcd_api.o(.data)
    __stdout                                 0x200000f8   Data           4  stdout.o(.data)
    Task_Start_Stk                           0x20000100   Data         256  main.o(.bss)
    USART_Buffer                             0x20000200   Data          16  usart1.o(.bss)
    ADCConvertedValue                        0x20000210   Data         800  adc.o(.bss)
    AnyWaveTab                               0x20000530   Data          64  dac v2.0.o(.bss)
    LCD_Buffer                               0x20000570   Data          64  tft_api.o(.bss)
    Task_TouchScreen_Stk                     0x200005b0   Data        1024  app.o(.bss)
    Task_Main_Stk                            0x200009b0   Data        8192  app.o(.bss)
    Task_RTC_Stk                             0x200029b0   Data        2048  app.o(.bss)
    Task_SD_Stk                              0x200031b0   Data        2048  app.o(.bss)
    Task_GUI_Stk                             0x200039b0   Data        4096  app.o(.bss)
    ADCVlaue2ScreenValue                     0x200049b0   Data         800  task_gui.o(.bss)
    WaveInfo                                 0x20004cd0   Data          36  task_main.o(.bss)
    WaveCtrl                                 0x20004cf4   Data          20  task_main.o(.bss)
    FG_WaveInfo                              0x20004d08   Data          12  task_main.o(.bss)
    calendar                                 0x20004d14   Data          10  task_rtc.o(.bss)
    OSEventTbl                               0x20004d20   Data         100  os_core.o(.bss)
    OSTaskStatStk                            0x20004d84   Data         512  os_core.o(.bss)
    OSTaskIdleStk                            0x20004f84   Data         512  os_core.o(.bss)
    OSTCBPrioTbl                             0x20005184   Data         256  os_core.o(.bss)
    OSTCBTbl                                 0x20005284   Data         912  os_core.o(.bss)
    GUI_Context                              0x20005614   Data          72  guicore.o(.bss)
    GUI_Heap                                 0x200057a4   Data        5000  guialloc.o(.bss)
    GUI_ALLOC                                0x20006ee0   Data          20  guialloc.o(.bss)
    LCD__aConvTable                          0x20006ef4   Data         512  lcdcolor.o(.bss)
    __initial_sp                             0x200074f8   Data           0  startup_stm32f10x_hd.o(STACK)



==============================================================================

Memory Map of the image

  Image Entry point : 0x08000131

  Load Region LR_IROM1 (Base: 0x08000000, Size: 0x0000fbc0, Max: 0x00080000, ABSOLUTE)

    Execution Region ER_IROM1 (Base: 0x08000000, Size: 0x0000fac0, Max: 0x00080000, ABSOLUTE)

    Base Addr    Size         Type   Attr      Idx    E Section Name        Object

    0x08000000   0x00000130   Data   RO            3    RESET               startup_stm32f10x_hd.o
    0x08000130   0x00000000   Code   RO         1876  * .ARM.Collect$$$$00000000  mc_w.l(entry.o)
    0x08000130   0x00000004   Code   RO         2202    .ARM.Collect$$$$00000001  mc_w.l(entry2.o)
    0x08000134   0x00000004   Code   RO         2205    .ARM.Collect$$$$00000004  mc_w.l(entry5.o)
    0x08000138   0x00000000   Code   RO         2207    .ARM.Collect$$$$00000008  mc_w.l(entry7b.o)
    0x08000138   0x00000000   Code   RO         2209    .ARM.Collect$$$$0000000A  mc_w.l(entry8b.o)
    0x08000138   0x00000008   Code   RO         2210    .ARM.Collect$$$$0000000B  mc_w.l(entry9a.o)
    0x08000140   0x00000000   Code   RO         2212    .ARM.Collect$$$$0000000D  mc_w.l(entry10a.o)
    0x08000140   0x00000000   Code   RO         2214    .ARM.Collect$$$$0000000F  mc_w.l(entry11a.o)
    0x08000140   0x00000004   Code   RO         2203    .ARM.Collect$$$$00002712  mc_w.l(entry2.o)
    0x08000144   0x00000024   Code   RO            4    .text               startup_stm32f10x_hd.o
    0x08000168   0x000000ac   Code   RO           10    .text               main.o
    0x08000214   0x00000010   Code   RO          184    .text               stm32f10x_it.o
    0x08000224   0x0000031c   Code   RO          199    .text               usart1.o
    0x08000540   0x000000d4   Code   RO          225    .text               misc.o
    0x08000614   0x000000d0   Code   RO          237    .text               delay v2.0.o
    0x080006e4   0x0000011c   Code   RO          252    .text               pincfg.o
    0x08000800   0x00000214   Code   RO          264    .text               adc.o
    0x08000a14   0x00000134   Code   RO          280    .text               dac v2.0.o
    0x08000b48   0x000001a4   Code   RO          298    .text               exti.o
    0x08000cec   0x0000010c   Code   RO          317    .text               indkey.o
    0x08000df8   0x00000034   Code   RO          330    .text               iwdg.o
    0x08000e2c   0x00000620   Code   RO          342    .text               oscilloscope.o
    0x0800144c   0x000000ec   Code   RO          362    .text               timer.o
    0x08001538   0x00000830   Code   RO          375    .text               tft_api.o
    0x08001d68   0x000002e0   Code   RO          398    .text               tft_drive.o
    0x08002048   0x0000032c   Code   RO          413    .text               tsc2046.o
    0x08002374   0x000002c0   Code   RO          428    .text               stm32f10x_gpio.o
    0x08002634   0x00000314   Code   RO          440    .text               stm32f10x_rcc.o
    0x08002948   0x000003b4   Code   RO          454    .text               stm32f10x_usart.o
    0x08002cfc   0x00000516   Code   RO          466    .text               stm32f10x_fsmc.o
    0x08003212   0x00000002   PAD
    0x08003214   0x000003c8   Code   RO          478    .text               stm32f10x_adc.o
    0x080035dc   0x000000ac   Code   RO          490    .text               stm32f10x_bkp.o
    0x08003688   0x0000014c   Code   RO          502    .text               stm32f10x_dac.o
    0x080037d4   0x00000218   Code   RO          514    .text               stm32f10x_dma.o
    0x080039ec   0x00000104   Code   RO          526    .text               stm32f10x_exti.o
    0x08003af0   0x0000003c   Code   RO          553    .text               stm32f10x_iwdg.o
    0x08003b2c   0x000000b0   Code   RO          565    .text               stm32f10x_pwr.o
    0x08003bdc   0x0000011c   Code   RO          577    .text               stm32f10x_rtc.o
    0x08003cf8   0x00000c8e   Code   RO          589    .text               stm32f10x_tim.o
    0x08004986   0x00000002   PAD
    0x08004988   0x000002dc   Code   RO          601    .text               stm32f10x_spi.o
    0x08004c64   0x0000017c   Code   RO          623    .text               system_stm32f10x.o
    0x08004de0   0x000001c0   Code   RO          657    .text               app.o
    0x08004fa0   0x00001270   Code   RO          718    .text               task_gui.o
    0x08006210   0x00000640   Code   RO          747    .text               task_main.o
    0x08006850   0x00000480   Code   RO          763    .text               task_rtc.o
    0x08006cd0   0x000006fc   Code   RO          800    .text               os_core.o
    0x080073cc   0x00000370   Code   RO          826    .text               os_mbox.o
    0x0800773c   0x00000554   Code   RO          844    .text               os_mutex.o
    0x08007c90   0x00000324   Code   RO          862    .text               os_sem.o
    0x08007fb4   0x0000073c   Code   RO          874    .text               os_task.o
    0x080086f0   0x00000194   Code   RO          886    .text               os_time.o
    0x08008884   0x00000086   Code   RO          904    .text               os_cpu_c.o
    0x0800890a   0x00000002   PAD
    0x0800890c   0x000000a4   Code   RO          932    .text               os_cpu_a.o
    0x080089b0   0x000000d4   Code   RO          955    .text               gui_x_ucos.o
    0x08008a84   0x00000864   Code   RO          997    .text               lcd_gui_interface.o
    0x080092e8   0x00000520   Code   RO         1009    .text               uCGUI_Lib.lib(gui2dlib.o)
    0x08009808   0x000000f8   Code   RO         1063    .text               uCGUI_Lib.lib(gui_dispstring.o)
    0x08009900   0x00000024   Code   RO         1079    .text               uCGUI_Lib.lib(gui_dispstringat.o)
    0x08009924   0x00000034   Code   RO         1091    .text               uCGUI_Lib.lib(gui_dispstringhcenter.o)
    0x08009958   0x000000c4   Code   RO         1103    .text               uCGUI_Lib.lib(gui_drawgraph.o)
    0x08009a1c   0x0000001e   Code   RO         1115    .text               uCGUI_Lib.lib(gui_drawhline.o)
    0x08009a3a   0x0000001e   Code   RO         1127    .text               uCGUI_Lib.lib(gui_drawvline.o)
    0x08009a58   0x0000002c   Code   RO         1139    .text               uCGUI_Lib.lib(gui_setcolor.o)
    0x08009a84   0x0000001c   Code   RO         1151    .text               uCGUI_Lib.lib(gui_setfont.o)
    0x08009aa0   0x0000001c   Code   RO         1163    .text               uCGUI_Lib.lib(gui_settextmode.o)
    0x08009abc   0x000000b4   Code   RO         1175    .text               uCGUI_Lib.lib(guicore.o)
    0x08009b70   0x000000bc   Code   RO         1213    .text               uCGUI_Lib.lib(guival.o)
    0x08009c2c   0x0000010c   Code   RO         1229    .text               uCGUI_Lib.lib(guivalf.o)
    0x08009d38   0x000000f4   Code   RO         1305    .text               uCGUI_Lib.lib(guidev_banding.o)
    0x08009e2c   0x0000001a   Code   RO         1345    .text               uCGUI_Lib.lib(gui_adddecmin.o)
    0x08009e46   0x00000002   PAD
    0x08009e48   0x000000bc   Code   RO         1357    .text               uCGUI_Lib.lib(gui_adddecshift.o)
    0x08009f04   0x00000200   Code   RO         1376    .text               uCGUI_Lib.lib(gui_fillpolygon.o)
    0x0800a104   0x0000004c   Code   RO         1391    .text               uCGUI_Lib.lib(gui_goto.o)
    0x0800a150   0x0000001c   Code   RO         1406    .text               uCGUI_Lib.lib(gui_settextalign.o)
    0x0800a16c   0x000000d4   Code   RO         1418    .text               uCGUI_Lib.lib(gui_uc.o)
    0x0800a240   0x00000030   Code   RO         1430    .text               uCGUI_Lib.lib(gui_uc_encodenone.o)
    0x0800a270   0x000000c0   Code   RO         1449    .text               uCGUI_Lib.lib(guichar.o)
    0x0800a330   0x000000d8   Code   RO         1462    .text               uCGUI_Lib.lib(guicharline.o)
    0x0800a408   0x00000158   Code   RO         1474    .text               uCGUI_Lib.lib(guicharm.o)
    0x0800a560   0x000002f2   Code   RO         1486    .text               uCGUI_Lib.lib(guicirc.o)
    0x0800a852   0x00000002   PAD
    0x0800a854   0x000000e8   Code   RO         1498    .text               uCGUI_Lib.lib(guitask.o)
    0x0800a93c   0x0000036c   Code   RO         1513    .text               uCGUI_Lib.lib(lcd.o)
    0x0800aca8   0x0000003c   Code   RO         1544    .text               uCGUI_Lib.lib(lcd_drawvline.o)
    0x0800ace4   0x00000020   Code   RO         1556    .text               uCGUI_Lib.lib(lcd_l0_generic.o)
    0x0800ad04   0x00000030   Code   RO         1568    .text               uCGUI_Lib.lib(lcdinfo0.o)
    0x0800ad34   0x0000037c   Code   RO         1580    .text               uCGUI_Lib.lib(guidev.o)
    0x0800b0b0   0x00000038   Code   RO         1592    .text               uCGUI_Lib.lib(guidev_clear.o)
    0x0800b0e8   0x0000002c   Code   RO         1604    .text               uCGUI_Lib.lib(guidev_getysize.o)
    0x0800b114   0x00000034   Code   RO         1616    .text               uCGUI_Lib.lib(guidev_reduceysize.o)
    0x0800b148   0x00000058   Code   RO         1628    .text               uCGUI_Lib.lib(guidev_setorg.o)
    0x0800b1a0   0x0000001c   Code   RO         1640    .text               uCGUI_Lib.lib(lcdpm565.o)
    0x0800b1bc   0x00000026   Code   RO         1652    .text               uCGUI_Lib.lib(gui_alloc_alloczero.o)
    0x0800b1e2   0x00000038   Code   RO         1664    .text               uCGUI_Lib.lib(gui_rectsintersect.o)
    0x0800b21a   0x00000016   Code   RO         1676    .text               uCGUI_Lib.lib(gui_selectlcd.o)
    0x0800b230   0x00000324   Code   RO         1688    .text               uCGUI_Lib.lib(guialloc.o)
    0x0800b554   0x00000040   Code   RO         1705    .text               uCGUI_Lib.lib(lcdcolor.o)
    0x0800b594   0x00000034   Code   RO         1724    .text               uCGUI_Lib.lib(lcdpm565_index2color.o)
    0x0800b5c8   0x00000744   Code   RO         1736    .text               uCGUI_Lib.lib(guidev_16.o)
    0x0800bd0c   0x0000006c   Code   RO         1778    .text               uCGUI_Lib.lib(guidev_usage.o)
    0x0800bd78   0x000001b8   Code   RO         1790    .text               uCGUI_Lib.lib(guidev_usagebm.o)
    0x0800bf30   0x0000004a   Code   RO         1804    .text               uCGUI_Lib.lib(gui__memset.o)
    0x0800bf7a   0x0000003a   Code   RO         1816    .text               uCGUI_Lib.lib(gui__memset16.o)
    0x0800bfb4   0x0000001c   Code   RO         1840    .text               uCGUI_Lib.lib(lcd_selectlcd.o)
    0x0800bfd0   0x00000020   Code   RO         1852    .text               uCGUI_Lib.lib(lcd_updatecolorindices.o)
    0x0800bff0   0x00000040   Code   RO         1881    .text               mc_w.l(memmovea.o)
    0x0800c030   0x00000024   Code   RO         1883    .text               mc_w.l(memseta.o)
    0x0800c054   0x0000001a   Code   RO         2150    .text               mc_w.l(atoi.o)
    0x0800c06e   0x000000b0   Code   RO         2152    .text               mf_w.l(fadd.o)
    0x0800c11e   0x00000064   Code   RO         2154    .text               mf_w.l(fmul.o)
    0x0800c182   0x0000007c   Code   RO         2156    .text               mf_w.l(fdiv.o)
    0x0800c1fe   0x00000018   Code   RO         2158    .text               mf_w.l(fscalb.o)
    0x0800c216   0x0000014e   Code   RO         2160    .text               mf_w.l(dadd.o)
    0x0800c364   0x000000e4   Code   RO         2162    .text               mf_w.l(dmul.o)
    0x0800c448   0x000000de   Code   RO         2164    .text               mf_w.l(ddiv.o)
    0x0800c526   0x0000002e   Code   RO         2166    .text               mf_w.l(dscalb.o)
    0x0800c554   0x0000000a   Code   RO         2168    .text               mf_w.l(ffltui.o)
    0x0800c55e   0x00000022   Code   RO         2170    .text               mf_w.l(dflti.o)
    0x0800c580   0x0000001a   Code   RO         2172    .text               mf_w.l(dfltui.o)
    0x0800c59a   0x00000032   Code   RO         2174    .text               mf_w.l(ffixi.o)
    0x0800c5cc   0x00000028   Code   RO         2176    .text               mf_w.l(ffixui.o)
    0x0800c5f4   0x00000032   Code   RO         2178    .text               mf_w.l(dfixui.o)
    0x0800c626   0x00000026   Code   RO         2180    .text               mf_w.l(f2d.o)
    0x0800c64c   0x00000038   Code   RO         2182    .text               mf_w.l(d2f.o)
    0x0800c684   0x00000014   Code   RO         2184    .text               mf_w.l(cfcmple.o)
    0x0800c698   0x00000014   Code   RO         2186    .text               mf_w.l(cfrcmple.o)
    0x0800c6ac   0x0000002c   Code   RO         2217    .text               mc_w.l(uidiv.o)
    0x0800c6d8   0x00000062   Code   RO         2219    .text               mc_w.l(uldiv.o)
    0x0800c73a   0x0000001e   Code   RO         2221    .text               mc_w.l(llshl.o)
    0x0800c758   0x00000020   Code   RO         2223    .text               mc_w.l(llushr.o)
    0x0800c778   0x00000024   Code   RO         2225    .text               mc_w.l(llsshr.o)
    0x0800c79c   0x00000070   Code   RO         2234    .text               mc_w.l(strtol.o)
    0x0800c80c   0x00000000   Code   RO         2236    .text               mc_w.l(iusefp.o)
    0x0800c80c   0x0000006e   Code   RO         2237    .text               mf_w.l(fepilogue.o)
    0x0800c87a   0x000000b6   Code   RO         2239    .text               mf_w.l(depilogue.o)
    0x0800c930   0x00000030   Code   RO         2241    .text               mf_w.l(dfixul.o)
    0x0800c960   0x00000028   Code   RO         2243    .text               mf_w.l(cdrcmple.o)
    0x0800c988   0x00000024   Code   RO         2251    .text               mc_w.l(init.o)
    0x0800c9ac   0x00000008   Code   RO         2253    .text               mc_w.l(ctype_o.o)
    0x0800c9b4   0x0000009e   Code   RO         2281    .text               mc_w.l(_strtoul.o)
    0x0800ca52   0x0000003e   Code   RO         2283    .text               mf_w.l(dfixi.o)
    0x0800ca90   0x0000001c   Code   RO         2285    .text               mc_w.l(_chval.o)
    0x0800caac   0x00000020   Code   RO         2122    i.__0printf         mc_w.l(printfa.o)
    0x0800cacc   0x00000028   Code   RO         2124    i.__0sprintf        mc_w.l(printfa.o)
    0x0800caf4   0x00000028   Code   RO         2247    i.__ARM_fpclassify  m_ws.l(fpclassify.o)
    0x0800cb1c   0x00000008   Code   RO         2227    i.__aeabi_errno_addr  mc_w.l(errno.o)
    0x0800cb24   0x00000388   Code   RO         2191    i.__ieee754_rem_pio2  m_ws.l(rred.o)
    0x0800ceac   0x000000fc   Code   RO         2188    i.__kernel_cos      m_ws.l(cos_i.o)
    0x0800cfa8   0x000000aa   Code   RO         2249    i.__kernel_poly     m_ws.l(poly.o)
    0x0800d052   0x00000002   PAD
    0x0800d054   0x000000ec   Code   RO         2196    i.__kernel_sin      m_ws.l(sin_i.o)
    0x0800d140   0x00000010   Code   RO         2245    i.__mathlib_dbl_underflow  m_ws.l(dunder.o)
    0x0800d150   0x0000000e   Code   RO         2289    i.__scatterload_copy  mc_w.l(handlers.o)
    0x0800d15e   0x00000002   Code   RO         2290    i.__scatterload_null  mc_w.l(handlers.o)
    0x0800d160   0x0000000e   Code   RO         2291    i.__scatterload_zeroinit  mc_w.l(handlers.o)
    0x0800d16e   0x00000002   PAD
    0x0800d170   0x0000000c   Code   RO         2229    i.__set_errno       mc_w.l(errno.o)
    0x0800d17c   0x00000164   Code   RO         2129    i._fp_digits        mc_w.l(printfa.o)
    0x0800d2e0   0x000006dc   Code   RO         2130    i._printf_core      mc_w.l(printfa.o)
    0x0800d9bc   0x00000024   Code   RO         2131    i._printf_post_padding  mc_w.l(printfa.o)
    0x0800d9e0   0x0000002e   Code   RO         2132    i._printf_pre_padding  mc_w.l(printfa.o)
    0x0800da0e   0x0000000a   Code   RO         2134    i._sputc            mc_w.l(printfa.o)
    0x0800da18   0x000000dc   Code   RO         1865    i.floor             m_ws.l(floor.o)
    0x0800daf4   0x000000b0   Code   RO         1869    i.sin               m_ws.l(sin.o)
    0x0800dba4   0x00000040   Data   RO          282    .constdata          dac v2.0.o
    0x0800dbe4   0x00000040   Data   RO          283    .constdata          dac v2.0.o
    0x0800dc24   0x00000040   Data   RO          284    .constdata          dac v2.0.o
    0x0800dc64   0x00000600   Data   RO          377    .constdata          tft_api.o
    0x0800e264   0x00000008   Data   RO          720    .constdata          task_gui.o
    0x0800e26c   0x00000018   Data   RO          765    .constdata          task_rtc.o
    0x0800e284   0x00000100   Data   RO          802    .constdata          os_core.o
    0x0800e384   0x00000044   Data   RO         1010    .constdata          uCGUI_Lib.lib(gui2dlib.o)
    0x0800e3c8   0x00000518   Data   RO         1245    .constdata          uCGUI_Lib.lib(f6x8.o)
    0x0800e8e0   0x000001c0   Data   RO         1246    .constdata          uCGUI_Lib.lib(f6x8.o)
    0x0800eaa0   0x00000008   Data   RO         1247    .constdata          uCGUI_Lib.lib(f6x8.o)
    0x0800eaa8   0x00000014   Data   RO         1248    .constdata          uCGUI_Lib.lib(f6x8.o)
    0x0800eabc   0x00000020   Data   RO         1249    .constdata          uCGUI_Lib.lib(f6x8.o)
    0x0800eadc   0x00000a30   Data   RO         1281    .constdata          uCGUI_Lib.lib(f8x16.o)
    0x0800f50c   0x000001c0   Data   RO         1282    .constdata          uCGUI_Lib.lib(f8x16.o)
    0x0800f6cc   0x00000008   Data   RO         1283    .constdata          uCGUI_Lib.lib(f8x16.o)
    0x0800f6d4   0x00000014   Data   RO         1284    .constdata          uCGUI_Lib.lib(f8x16.o)
    0x0800f6e8   0x00000020   Data   RO         1285    .constdata          uCGUI_Lib.lib(f8x16.o)
    0x0800f708   0x00000028   Data   RO         1358    .constdata          uCGUI_Lib.lib(gui_adddecshift.o)
    0x0800f730   0x00000010   Data   RO         1431    .constdata          uCGUI_Lib.lib(gui_uc_encodenone.o)
    0x0800f740   0x00000040   Data   RO         1530    .constdata          uCGUI_Lib.lib(lcd_api.o)
    0x0800f780   0x00000020   Data   RO         1737    .constdata          uCGUI_Lib.lib(guidev_16.o)
    0x0800f7a0   0x00000040   Data   RO         1738    .constdata          uCGUI_Lib.lib(guidev_16.o)
    0x0800f7e0   0x00000018   Data   RO         1791    .constdata          uCGUI_Lib.lib(guidev_usagebm.o)
    0x0800f7f8   0x00000100   Data   RO         1828    .constdata          uCGUI_Lib.lib(lcd_mirror.o)
    0x0800f8f8   0x00000030   Data   RO         2189    .constdata          m_ws.l(cos_i.o)
    0x0800f928   0x000000c8   Data   RO         2193    .constdata          m_ws.l(rred.o)
    0x0800f9f0   0x00000028   Data   RO         2197    .constdata          m_ws.l(sin_i.o)
    0x0800fa18   0x00000081   Data   RO         2254    .constdata          mc_w.l(ctype_o.o)
    0x0800fa99   0x00000003   PAD
    0x0800fa9c   0x00000004   Data   RO         2255    .constdata          mc_w.l(ctype_o.o)
    0x0800faa0   0x00000020   Data   RO         2287    Region$$Table       anon$$obj.o


    Execution Region RW_IRAM1 (Base: 0x20000000, Size: 0x000074f8, Max: 0x00010000, ABSOLUTE)

    Base Addr    Size         Type   Attr      Idx    E Section Name        Object

    0x20000000   0x0000000c   Data   RW           12    .data               main.o
    0x2000000c   0x00000008   Data   RW          238    .data               delay v2.0.o
    0x20000014   0x0000000c   Data   RW          299    .data               exti.o
    0x20000020   0x00000004   Data   RW          343    .data               oscilloscope.o
    0x20000024   0x00000024   Data   RW          399    .data               tft_drive.o
    0x20000048   0x00000014   Data   RW          441    .data               stm32f10x_rcc.o
    0x2000005c   0x00000014   Data   RW          624    .data               system_stm32f10x.o
    0x20000070   0x0000000c   Data   RW          721    .data               task_gui.o
    0x2000007c   0x00000002   Data   RW          722    .data               task_gui.o
    0x2000007e   0x00000002   Data   RW          723    .data               task_gui.o
    0x20000080   0x00000002   Data   RW          766    .data               task_rtc.o
    0x20000082   0x00000002   PAD
    0x20000084   0x0000003c   Data   RW          803    .data               os_core.o
    0x200000c0   0x00000014   Data   RW          956    .data               gui_x_ucos.o
    0x200000d4   0x00000001   Data   RW         1177    .data               uCGUI_Lib.lib(guicore.o)
    0x200000d5   0x00000003   PAD
    0x200000d8   0x00000004   Data   RW         1180    .data               uCGUI_Lib.lib(guicore.o)
    0x200000dc   0x00000004   Data   RW         1181    .data               uCGUI_Lib.lib(guicore.o)
    0x200000e0   0x00000004   Data   RW         1378    .data               uCGUI_Lib.lib(gui_fillpolygon.o)
    0x200000e4   0x0000000c   Data   RW         1500    .data               uCGUI_Lib.lib(guitask.o)
    0x200000f0   0x00000004   Data   RW         1531    .data               uCGUI_Lib.lib(lcd_api.o)
    0x200000f4   0x00000001   Data   RW         1690    .data               uCGUI_Lib.lib(guialloc.o)
    0x200000f5   0x00000003   PAD
    0x200000f8   0x00000004   Data   RW         2216    .data               mc_w.l(stdout.o)
    0x200000fc   0x00000004   Data   RW         2230    .data               mc_w.l(errno.o)
    0x20000100   0x00000100   Zero   RW           11    .bss                main.o
    0x20000200   0x00000010   Zero   RW          200    .bss                usart1.o
    0x20000210   0x00000320   Zero   RW          265    .bss                adc.o
    0x20000530   0x00000040   Zero   RW          281    .bss                dac v2.0.o
    0x20000570   0x00000040   Zero   RW          376    .bss                tft_api.o
    0x200005b0   0x00004400   Zero   RW          658    .bss                app.o
    0x200049b0   0x00000320   Zero   RW          719    .bss                task_gui.o
    0x20004cd0   0x00000044   Zero   RW          748    .bss                task_main.o
    0x20004d14   0x0000000a   Zero   RW          764    .bss                task_rtc.o
    0x20004d1e   0x00000002   PAD
    0x20004d20   0x000008f4   Zero   RW          801    .bss                os_core.o
    0x20005614   0x00000048   Zero   RW         1176    .bss                uCGUI_Lib.lib(guicore.o)
    0x2000565c   0x00000018   Zero   RW         1377    .bss                uCGUI_Lib.lib(gui_fillpolygon.o)
    0x20005674   0x00000130   Zero   RW         1499    .bss                uCGUI_Lib.lib(guitask.o)
    0x200057a4   0x00001750   Zero   RW         1689    .bss                uCGUI_Lib.lib(guialloc.o)
    0x20006ef4   0x00000200   Zero   RW         1706    .bss                uCGUI_Lib.lib(lcdcolor.o)
    0x200070f4   0x00000004   PAD
    0x200070f8   0x00000400   Zero   RW            1    STACK               startup_stm32f10x_hd.o

